[backblue.gif]
[fade.gif]
[index.html]
[www.mapleparking.co.uk/wp-content/themes/maplemanor/favicon.ico]
[cdnjs.cloudflare.com/ajax/libs/jqueryui/1.12.1/jquery-ui.min.css]
[www.mapleparking.co.uk/wp-content/themes/maplemanor/assets/js/tether.min3781.js]
[www.mapleparking.co.uk/wp-content/themes/maplemanor/assets/js/bootstrap.min3781.js]
[www.mapleparking.co.uk/wp-content/themes/maplemanor/assets/js/slick.min3781.js]
[ajax.googleapis.com/ajax/libs/jquery/3.1.1/jquery.min.js]
[www.mapleparking.co.uk/wp-content/themes/maplemanor/assets/js/jquery.sticky3781.js]
[www.mapleparking.co.uk/wp-content/themes/maplemanor/assets/js/picker3781.js]
[www.mapleparking.co.uk/wp-content/themes/maplemanor/assets/js/picker.time3781.js]
[www.mapleparking.co.uk/wp-content/themes/maplemanor/assets/js/picker.date3781.js]
[www.mapleparking.co.uk/wp-content/themes/maplemanor/assets/js/formValidation.min3781.js]
[www.mapleparking.co.uk/wp-content/themes/maplemanor/assets/js/formValidation.popular.min3781.js]
[www.mapleparking.co.uk/wp-content/themes/maplemanor/assets/js/framework/bootstrap4.min3781.js]
[www.mapleparking.co.uk/wp-content/themes/maplemanor/assets/js/global_6c05a.js]
[www.mapleparking.co.uk/wp-json/wp/v2/pages/5.json]
[www.mapleparking.co.uk/wp-json/index.html]
[www.mapleparking.co.uk/wp-json/oembed/1.0/embed7a0b.json]
[www.mapleparking.co.uk/wp-json/oembed/1.0/embed0594]
[widget.trustpilot.com/bootstrap/v5/tp.widget.bootstrap.min.js]
[www.google-analytics.com/analytics.js]
[connect.facebook.net/en_US/fbevents.js]
[www.mapleparking.co.uk/wp-content/themes/maplemanor/assets/images/logo.png]
[www.mapleparking.co.uk/wp-content/uploads/2020/07/Luton-Airport-Banner-Copy.jpg]
[www.mapleparking.co.uk/wp-content/uploads/2019/09/Artboard.jpg]
[www.mapleparking.co.uk/wp-content/themes/maplemanor/assets/images/iapa_logo.png]
[www.mapleparking.co.uk/wp-content/uploads/2020/01/goldtrusted.png]
[www.mapleparking.co.uk/wp-content/uploads/2019/09/park-mark.png]
[www.mapleparking.co.uk/wp-content/uploads/2019/09/BWC-logo-004-1.png]
[www.mapleparking.co.uk/wp-content/uploads/2019/02/heathrow.jpg]
[www.mapleparking.co.uk/wp-content/uploads/2019/02/stansted.jpg]
[www.mapleparking.co.uk/wp-content/uploads/2021/04/Luton-Airport.jpg]
[www.mapleparking.co.uk/wp-content/uploads/2019/02/birmingham.jpg]
[www.mapleparking.co.uk/wp-content/uploads/2019/02/London-Southend.png]
[www.mapleparking.co.uk/wp-content/themes/maplemanor/assets/images/room-bookings.jpg]
[www.mapleparking.co.uk/wp-content/themes/maplemanor/assets/images/valeting-products.jpg]
[www.mapleparking.co.uk/wp-content/themes/maplemanor/assets/images/silver-member.jpg]
[www.mapleparking.co.uk/wp-content/themes/maplemanor/assets/images/gold-member.jpg]
[www.mapleparking.co.uk/wp-content/themes/maplemanor/assets/images/diamond-member.jpg]
[www.mapleparking.co.uk/wp-content/themes/maplemanor/assets/images/small-tick.png]
[www.mapleparking.co.uk/wp-content/themes/maplemanor/assets/images/trading-standards.jpg]
[www.mapleparking.co.uk/wp-content/themes/maplemanor/assets/images/park-mark.jpg]
[www.mapleparking.co.uk/wp-content/themes/maplemanor/assets/images/accreditation-logos.png]
[www.mapleparking.co.uk/wp-content/themes/maplemanor/assets/images/youtube-logo.png]
[widgets.getsitecontrol.com/185618/script.js]
[analytics.webgains.io/clk.min.js]
[www.mapleparking.co.uk/index.html]
[www.mapleparking.co.uk/wp-content/themes/maplemanor/style7839.css]
[www.mapleparking.co.uk/wp-includes/css/dist/block-library/style.min3781.css]
[www.mapleparking.co.uk/wp-includes/css/classic-themes.min3781.css]
[cdnjs.cloudflare.com/ajax/libs/jqueryui/1.12.1/images/ui-icons_444444_256x240.png]
[cdnjs.cloudflare.com/ajax/libs/jqueryui/1.12.1/images/ui-icons_555555_256x240.png]
[cdnjs.cloudflare.com/ajax/libs/jqueryui/1.12.1/images/ui-icons_ffffff_256x240.png]
[cdnjs.cloudflare.com/ajax/libs/jqueryui/1.12.1/images/ui-icons_777620_256x240.png]
[cdnjs.cloudflare.com/ajax/libs/jqueryui/1.12.1/images/ui-icons_cc0000_256x240.png]
[cdnjs.cloudflare.com/ajax/libs/jqueryui/1.12.1/images/ui-icons_777777_256x240.png]
[cdnjs.cloudflare.com/ajax/libs/jqueryui/1.12.1/jquery-ui.min.css]
[www.mapleparking.co.uk/wp-content/themes/maplemanor/assets/css/bootstrap.min.css]
[www.mapleparking.co.uk/wp-content/themes/maplemanor/assets/fonts/fontawesome-webfont3e6e.eot]
[www.mapleparking.co.uk/wp-content/themes/maplemanor/assets/fonts/fontawesome-webfontd41d.eot]
[www.mapleparking.co.uk/wp-content/themes/maplemanor/assets/fonts/fontawesome-webfont3e6e.woff2]
[www.mapleparking.co.uk/wp-content/themes/maplemanor/assets/fonts/fontawesome-webfont3e6e.woff]
[www.mapleparking.co.uk/wp-content/themes/maplemanor/assets/fonts/fontawesome-webfont3e6e.ttf]
[www.mapleparking.co.uk/wp-content/themes/maplemanor/assets/css/font-awesome.min.css]
[www.mapleparking.co.uk/wp-content/themes/maplemanor/assets/css/classic.css]
[www.mapleparking.co.uk/wp-content/themes/maplemanor/assets/css/classic.time.css]
[www.mapleparking.co.uk/wp-content/themes/maplemanor/assets/css/classic.date.css]
[www.mapleparking.co.uk/wp-content/themes/maplemanor/assets/css/slick.css]
[www.mapleparking.co.uk/wp-content/themes/maplemanor/assets/css/ajax-loader.gif]
[www.mapleparking.co.uk/wp-content/themes/maplemanor/assets/css/fonts/slick.eot]
[www.mapleparking.co.uk/wp-content/themes/maplemanor/assets/css/fonts/slickd41d.eot]
[www.mapleparking.co.uk/wp-content/themes/maplemanor/assets/css/fonts/slick.woff]
[www.mapleparking.co.uk/wp-content/themes/maplemanor/assets/css/fonts/slick.ttf]
[www.mapleparking.co.uk/wp-content/themes/maplemanor/assets/css/slick-theme.css]
[www.mapleparking.co.uk/wp-content/themes/maplemanor/assets/css/formValidation.min.css]
[widget.trustpilot.com/bootstrap/v5/tp.widget.bootstrap.min.js]
[connect.facebook.net/en_US/fbevents.js]
[www.mapleparking.co.uk/wp-content/uploads/2020/05/Flexible-Policy-2.png]
[www.mapleparking.co.uk/wp-json/wp/v2/pages/3352.json]
[www.mapleparking.co.uk/wp-json/oembed/1.0/embedafe8.json]
[www.mapleparking.co.uk/wp-json/oembed/1.0/embedf661]
[www.mapleparking.co.uk/wp-content/themes/maplemanor/assets/images/card-icons.png]
[www.mapleparking.co.uk/wp-content/themes/maplemanor/assets/images/gatwick.jpg]
[www.mapleparking.co.uk/travel-support-during-covid-19/index.html]
[www.mapleparking.co.uk/wp-json/wp/v2/pages/97.json]
[www.mapleparking.co.uk/login/feed/index.html]
[www.mapleparking.co.uk/wp-json/oembed/1.0/embede320.json]
[www.mapleparking.co.uk/wp-json/oembed/1.0/embedc90a]
[www.mapleparking.co.uk/wp-content/themes/maplemanor/assets/images/header-secure-checkout@2x.png]
[www.mapleparking.co.uk/login/index.html]
[www.mapleparking.co.uk/booking/select-a-booking/index.html]
[www.mapleparking.co.uk/wp-content/uploads/2018/12/Maple-Parking-Car-Park.png]
[www.mapleparking.co.uk/wp-json/wp/v2/pages/1669.json]
[www.mapleparking.co.uk/wp-json/oembed/1.0/embed7eda.json]
[www.mapleparking.co.uk/wp-json/oembed/1.0/embed631e]
[www.mapleparking.co.uk/wp-content/uploads/2018/11/Buy-With-Confidence-Award.bmp]
[www.mapleparking.co.uk/wp-content/uploads/2019/08/Maple-Parking-Customer-Feedback..png]
[www.mapleparking.co.uk/meet-and-greet-airport-parking/index.html]
[www.mapleparking.co.uk/wp-content/uploads/2019/02/Parking-Gatwick-South.png]
[www.mapleparking.co.uk/wp-json/wp/v2/pages/1409.json]
[www.mapleparking.co.uk/wp-json/oembed/1.0/embedef10.json]
[www.mapleparking.co.uk/wp-json/oembed/1.0/embedcab8]
[www.mapleparking.co.uk/meet-and-greet-gatwick-south/index.html]
[www.mapleparking.co.uk/wp-content/uploads/2020/09/Gatwick-Meet-and-Greet-NO-WAIT.png]
[www.mapleparking.co.uk/wp-json/wp/v2/pages/1403.json]
[www.mapleparking.co.uk/wp-json/oembed/1.0/embed3cc5.json]
[www.mapleparking.co.uk/wp-json/oembed/1.0/embed2664]
[www.mapleparking.co.uk/gatwick-north-terminal/index.html]
[www.mapleparking.co.uk/wp-content/uploads/2017/03/Maple-No-Wait-Guarantee.png]
[www.mapleparking.co.uk/wp-json/wp/v2/pages/1811.json]
[www.mapleparking.co.uk/wp-json/oembed/1.0/embedc489.json]
[www.mapleparking.co.uk/wp-json/oembed/1.0/embedf14f]
[www.mapleparking.co.uk/meet-and-greet-heathrow/index.html]
[www.mapleparking.co.uk/wp-content/uploads/2019/01/Birmingham-meet-and-greet.png]
[www.mapleparking.co.uk/wp-json/wp/v2/pages/1840.json]
[www.mapleparking.co.uk/wp-json/oembed/1.0/embed4ccd.json]
[www.mapleparking.co.uk/wp-json/oembed/1.0/embed9c86]
[www.mapleparking.co.uk/meet-and-greet-parking-at-birmingham/index.html]
[www.mapleparking.co.uk/wp-content/uploads/2019/01/Meet-and-Greet-Stansted.png]
[www.mapleparking.co.uk/wp-json/wp/v2/pages/1843.json]
[www.mapleparking.co.uk/wp-json/oembed/1.0/embede1ec.json]
[www.mapleparking.co.uk/wp-json/oembed/1.0/embedf95e]
[www.mapleparking.co.uk/airport-parking-stansted/index.html]
[www.mapleparking.co.uk/wp-content/uploads/2021/09/Luton-Banner.png]
[www.mapleparking.co.uk/wp-json/wp/v2/pages/3541.json]
[www.mapleparking.co.uk/wp-json/oembed/1.0/embed77e2.json]
[www.mapleparking.co.uk/wp-json/oembed/1.0/embed8317]
[www.mapleparking.co.uk/meet-and-greet-luton/index.html]
[www.mapleparking.co.uk/wp-content/themes/maplemanor/assets/images/airports_we_service_desktop.jpg]
[www.mapleparking.co.uk/airport/feed/index.html]
[www.mapleparking.co.uk/wp-content/themes/maplemanor/assets/images/airports_map_desktop.jpg]
[www.mapleparking.co.uk/airport/index.html]
[www.mapleparking.co.uk/wp-content/uploads/2017/02/price-match.png]
[www.mapleparking.co.uk/wp-json/oembed/1.0/embedcf81.json]
[www.mapleparking.co.uk/wp-json/oembed/1.0/embed91c4]
[www.mapleparking.co.uk/wp-content/uploads/2017/02/maple-approved.jpg]
[www.mapleparking.co.uk/airport/airport-parking-gatwick/index.html]
[www.mapleparking.co.uk/wp-json/oembed/1.0/embedd461.json]
[www.mapleparking.co.uk/wp-json/oembed/1.0/embede1ed]
[www.mapleparking.co.uk/airport/airport-heathrow/index.html]
[www.mapleparking.co.uk/wp-json/oembed/1.0/embed6419.json]
[www.mapleparking.co.uk/wp-json/oembed/1.0/embedf745]
[www.mapleparking.co.uk/wp-content/uploads/2017/03/birminghamHD.jpg]
[www.mapleparking.co.uk/airport/airport-birmingham/index.html]
[www.mapleparking.co.uk/wp-content/uploads/2017/02/price-match-150x150.png]
[www.mapleparking.co.uk/wp-json/oembed/1.0/embed6266.json]
[www.mapleparking.co.uk/wp-json/oembed/1.0/embed2fb4]
[www.mapleparking.co.uk/airport/airport-airport-stansted/index.html]
[www.mapleparking.co.uk/wp-json/oembed/1.0/embedf3d5.json]
[www.mapleparking.co.uk/wp-json/oembed/1.0/embed9473]
[www.mapleparking.co.uk/wp-content/uploads/2017/03/southendHD.jpg]
[www.mapleparking.co.uk/airport/airport-southend/index.html]
[www.mapleparking.co.uk/wp-json/oembed/1.0/embedf367.json]
[www.mapleparking.co.uk/wp-json/oembed/1.0/embed5932]
[www.mapleparking.co.uk/wp-content/uploads/2017/03/Artboard.png]
[www.mapleparking.co.uk/airport/luton/index.html]
[www.mapleparking.co.uk/wp-content/uploads/2019/07/Cruise-Parking-Booking..png]
[www.mapleparking.co.uk/wp-json/wp/v2/pages/2141.json]
[www.mapleparking.co.uk/wp-json/oembed/1.0/embedd1f3.json]
[www.mapleparking.co.uk/wp-json/oembed/1.0/embed5721]
[www.mapleparking.co.uk/southampton-cruise-parking/index.html]
[www.mapleparking.co.uk/wp-content/uploads/2017/01/how-meet-greet-explained.jpg]
[www.mapleparking.co.uk/wp-json/wp/v2/pages/53.json]
[www.mapleparking.co.uk/wp-json/oembed/1.0/embede43e.json]
[www.mapleparking.co.uk/wp-json/oembed/1.0/embed92df]
[www.mapleparking.co.uk/wp-content/uploads/2017/01/greet-explained.jpg]
[www.mapleparking.co.uk/wp-content/uploads/2018/01/how-why-maple.png]
[www.mapleparking.co.uk/how-it-works/index.html]
[www.mapleparking.co.uk/wp-json/wp/v2/pages/503.json]
[www.mapleparking.co.uk/wp-json/oembed/1.0/embedf5dc.json]
[www.mapleparking.co.uk/wp-json/oembed/1.0/embed9a5d]
[www.mapleparking.co.uk/wp-includes/js/underscore.mind584.js]
[www.mapleparking.co.uk/wp-includes/js/backbone.min330a.js]
[www.mapleparking.co.uk/wp-content/plugins/ninja-forms/assets/js/min/front-end-deps1ed5.js]
[www.mapleparking.co.uk/wp-content/plugins/ninja-forms/assets/js/min/front-end1ed5.js]
[www.mapleparking.co.uk/wp-content/plugins/ninja-forms-conditionals/assets/js/min/front-end3781.js]
[www.mapleparking.co.uk/business-travellers/index.html]
[www.mapleparking.co.uk/wp-content/uploads/2019/06/Maple-Parking-Meet-and-Greet-Car-Park..png]
[www.mapleparking.co.uk/wp-json/wp/v2/pages/23.json]
[www.mapleparking.co.uk/about-us/feed/index.html]
[www.mapleparking.co.uk/wp-json/oembed/1.0/embed32d0.json]
[www.mapleparking.co.uk/wp-json/oembed/1.0/embed6a3d]
[www.mapleparking.co.uk/about-us/index.html]
[www.mapleparking.co.uk/reviews/feed/index.html]
[www.mapleparking.co.uk/wp-json/wp/v2/pages/89.json]
[www.mapleparking.co.uk/wp-json/oembed/1.0/embed68ad.json]
[www.mapleparking.co.uk/wp-json/oembed/1.0/embeddd4a]
[www.mapleparking.co.uk/reviews/index.html]
[www.mapleparking.co.uk/wp-content/uploads/2021/10/Maple-Parking-Loyalty.png]
[www.mapleparking.co.uk/wp-json/wp/v2/pages/501.json]
[www.mapleparking.co.uk/wp-json/oembed/1.0/embedc36a.json]
[www.mapleparking.co.uk/wp-json/oembed/1.0/embedd123]
[www.mapleparking.co.uk/rewards-loyalty/index.html]
[www.mapleparking.co.uk/wp-json/wp/v2/pages/40.json]
[www.mapleparking.co.uk/contact-us/feed/index.html]
[www.mapleparking.co.uk/wp-json/oembed/1.0/embed0950.json]
[www.mapleparking.co.uk/wp-json/oembed/1.0/embedcdf9]
[www.mapleparking.co.uk/wp-content/themes/maplemanor/assets/images/opening-times-logo.png]
[www.mapleparking.co.uk/wp-content/themes/maplemanor/assets/images/map-icon.png]
[www.mapleparking.co.uk/contact-us/index.html]
[www.mapleparking.co.uk/wp-content/uploads/2019/09/MeetGreet.png]
[www.mapleparking.co.uk/wp-json/wp/v2/pages/2323.json]
[www.mapleparking.co.uk/wp-json/oembed/1.0/embed1fd9.json]
[www.mapleparking.co.uk/wp-json/oembed/1.0/embed22d3]
[www.mapleparking.co.uk/maple-parkings-independent-airport-parking-association-award/index.html]
[www.mapleparking.co.uk/wp-content/uploads/2020/06/Maple-Parking-Guidelines.png]
[www.mapleparking.co.uk/wp-json/wp/v2/pages/3436.json]
[www.mapleparking.co.uk/wp-json/oembed/1.0/embeda213.json]
[www.mapleparking.co.uk/wp-json/oembed/1.0/embed19ea]
[www.mapleparking.co.uk/safety-measures-in-place/index.html]
[www.mapleparking.co.uk/wp-content/themes/maplemanor/assets/images/make-booking-icon.svg]
[www.mapleparking.co.uk/wp-content/themes/maplemanor/assets/images/meet-you-icon.svg]
[www.mapleparking.co.uk/wp-content/themes/maplemanor/assets/images/park-car-icon.svg]
[www.mapleparking.co.uk/wp-json/wp/v2/pages/60.json]
[www.mapleparking.co.uk/booking-with-maple-parking/select-a-booking/feed/index.html]
[www.mapleparking.co.uk/wp-json/oembed/1.0/embed4ebc.json]
[www.mapleparking.co.uk/wp-json/oembed/1.0/embed8c62]
[www.mapleparking.co.uk/booking-with-maple-parking/select-a-booking/index.html]
[www.mapleparking.co.uk/wp-content/uploads/2017/02/maple-manor-hotel.png]
[www.mapleparking.co.uk/wp-json/wp/v2/pages/131.json]
[www.mapleparking.co.uk/hotel/feed/index.html]
[www.mapleparking.co.uk/wp-json/oembed/1.0/embed3869.json]
[www.mapleparking.co.uk/wp-json/oembed/1.0/embed9a9b]
[www.mapleparking.co.uk/wp-content/uploads/2017/02/maple-hotel-price.jpg]
[www.mapleparking.co.uk/hotel/index.html]
[www.mapleparking.co.uk/wp-json/wp/v2/pages/128.json]
[www.mapleparking.co.uk/packages/feed/index.html]
[www.mapleparking.co.uk/wp-json/oembed/1.0/embed5389.json]
[www.mapleparking.co.uk/wp-json/oembed/1.0/embeda6b7]
[www.mapleparking.co.uk/wp-content/uploads/2017/02/meet-greet-package.jpg]
[www.mapleparking.co.uk/wp-content/uploads/2017/02/room-bookings-package.jpg]
[www.mapleparking.co.uk/wp-content/uploads/2017/02/valeting-package.jpg]
[www.mapleparking.co.uk/packages/index.html]
[www.mapleparking.co.uk/wp-content/themes/maplemanor/assets/images/black-tick.svg]
[www.mapleparking.co.uk/wp-content/themes/maplemanor/assets/images/white-tick.svg]
[www.mapleparking.co.uk/wp-content/uploads/2017/02/gatwick-approved-operator.png]
[www.mapleparking.co.uk/wp-json/wp/v2/pages/134.json]
[www.mapleparking.co.uk/partners-accreditations/feed/index.html]
[www.mapleparking.co.uk/wp-json/oembed/1.0/embedd048.json]
[www.mapleparking.co.uk/wp-json/oembed/1.0/embedc3f1]
[www.mapleparking.co.uk/wp-content/uploads/2017/02/avpca.png]
[www.mapleparking.co.uk/wp-content/uploads/2017/02/bpa.png]
[www.mapleparking.co.uk/wp-content/uploads/2017/02/iapa.png]
[www.mapleparking.co.uk/wp-content/uploads/2021/02/Buy-With-Confidence.png]
[www.mapleparking.co.uk/wp-content/uploads/2018/12/gatwick-approved.png]
[www.mapleparking.co.uk/partners-accreditations/index.html]
[www.mapleparking.co.uk/wp-content/themes/maplemanor/assets/images/22-years-icon.svg]
[www.mapleparking.co.uk/wp-content/themes/maplemanor/assets/images/drivers-icon.svg]
[www.mapleparking.co.uk/wp-content/themes/maplemanor/assets/images/cctv-icon.svg]
[www.mapleparking.co.uk/wp-content/themes/maplemanor/assets/images/payment-icon.svg]
[www.mapleparking.co.uk/my-account/index.html]
[www.mapleparking.co.uk/wp-json/wp/v2/pages/51.json]
[www.mapleparking.co.uk/wp-json/oembed/1.0/embed66b1.json]
[www.mapleparking.co.uk/wp-json/oembed/1.0/embedb008]
[www.mapleparking.co.uk/faqs/index.html]
[www.mapleparking.co.uk/wp-json/wp/v2/categories/1.json]
[www.mapleparking.co.uk/latest-news/feed/index.html]
[www.mapleparking.co.uk/wp-content/themes/maplemanor/assets/images/blogmainBG.jpg]
[www.mapleparking.co.uk/wp-content/uploads/2022/04/Face-Masks-Travelling-200x200.png]
[www.mapleparking.co.uk/wp-content/uploads/2021/09/Traffic-Light-200x200.png]
[www.mapleparking.co.uk/wp-content/uploads/2021/10/cruise-parking-200x200.png]
[www.mapleparking.co.uk/latest-news/index.html]
[www.mapleparking.co.uk/wp-json/wp/v2/pages/3107.json]
[www.mapleparking.co.uk/wp-json/oembed/1.0/embed698a.json]
[www.mapleparking.co.uk/wp-json/oembed/1.0/embed9ade]
[www.mapleparking.co.uk/coronavirus-update/index.html]
[www.mapleparking.co.uk/wp-json/wp/v2/pages/44.json]
[www.mapleparking.co.uk/wp-json/oembed/1.0/embed3bf2.json]
[www.mapleparking.co.uk/wp-json/oembed/1.0/embed2833]
[www.mapleparking.co.uk/cancellations/index.html]
[www.mapleparking.co.uk/wp-content/uploads/2019/06/Maple-Parking-Safe-Car-Park.png]
[www.mapleparking.co.uk/wp-json/wp/v2/pages/505.json]
[www.mapleparking.co.uk/wp-json/oembed/1.0/embede06e.json]
[www.mapleparking.co.uk/wp-json/oembed/1.0/embed51e9]
[www.mapleparking.co.uk/car-safety/index.html]
[www.mapleparking.co.uk/wp-json/wp/v2/pages/46.json]
[www.mapleparking.co.uk/wp-json/oembed/1.0/embedaf7f.json]
[www.mapleparking.co.uk/wp-json/oembed/1.0/embed8f32]
[www.mapleparking.co.uk/terms-conditions/index.html]
[www.mapleparking.co.uk/wp-json/wp/v2/pages/49.json]
[www.mapleparking.co.uk/wp-json/oembed/1.0/embedb96a.json]
[www.mapleparking.co.uk/wp-json/oembed/1.0/embede4b8]
[www.mapleparking.co.uk/privacy-policy/index.html]
[www.mapleparking.co.uk/wp-content/uploads/2019/03/Maple-Parking-Feefo-Gold-Award..png]
[www.mapleparking.co.uk/wp-json/wp/v2/posts/1984.json]
[www.mapleparking.co.uk/latest-news/feefo-2019-service-awards/feed/index.html]
[www.mapleparking.co.uk/wp-json/oembed/1.0/embed9801.json]
[www.mapleparking.co.uk/wp-json/oembed/1.0/embed6b45]
[www.mapleparking.co.uk/wp-content/uploads/2019/03/Maple-Parking-Feefo-Gold-Award-Certificate.png]
[www.mapleparking.co.uk/latest-news/feefo-2019-service-awards/index.html]
[www.mapleparking.co.uk/wp-content/themes/maplemanor/assets/images/tripBG.jpg]
[www.mapleparking.co.uk/wp-content/themes/maplemanor/assets/css/maplemanor.css]
[www.mapleparking.co.uk/wp-content/themes/maplemanor/assets/fonts/fontawesome-webfont3e6e.svg]
[www.mapleparking.co.uk/wp-content/themes/maplemanor/assets/css/fonts/slick.svg]
[www.mapleparking.co.uk/xhr.html]
[www.mapleparking.co.uk/GET.html]
[www.mapleparking.co.uk/lib/widget-management.html]
[www.mapleparking.co.uk/c.html]
[www.mapleparking.co.uk/b.html]
[www.mapleparking.co.uk/POST.html]
[www.mapleparking.co.uk/indexc1ae.html]
[www.mapleparking.co.uk/wp-content/uploads/2020/05/Wearing-face-mask-e1591802039388.png]
[www.mapleparking.co.uk/covid-19/keeping-you-and-your-car-safe-with-maple-parking/feed/index.html]
[www.mapleparking.co.uk/wp-json/wp/v2/posts/3377.json]
[www.mapleparking.co.uk/wp-json/oembed/1.0/embede9fd.json]
[www.mapleparking.co.uk/wp-json/oembed/1.0/embed1085]
[www.mapleparking.co.uk/covid-19/keeping-you-and-your-car-safe-with-maple-parking/index.html]
[www.mapleparking.co.uk/meet-and-greet-parking-at-stansted/index.html]
[www.mapleparking.co.uk/indexb190.html]
[www.mapleparking.co.uk/wp-json/wp/v2/pages/101.json]
[www.mapleparking.co.uk/login/forgot-my-password/feed/index.html]
[www.mapleparking.co.uk/wp-json/oembed/1.0/embedf7dc.json]
[www.mapleparking.co.uk/wp-json/oembed/1.0/embed86ae]
[www.mapleparking.co.uk/login/forgot-my-password/index.html]
[www.mapleparking.co.uk/create-an-account/feed/index.html]
[www.mapleparking.co.uk/wp-json/wp/v2/pages/99.json]
[www.mapleparking.co.uk/wp-json/oembed/1.0/embed7e3b.json]
[www.mapleparking.co.uk/wp-json/oembed/1.0/embeda646]
[www.mapleparking.co.uk/create-an-account/index.html]
[www.mapleparking.co.uk/index3d80.html]
[www.mapleparking.co.uk/wp-json/oembed/1.0/embed629d.json]
[www.mapleparking.co.uk/wp-json/oembed/1.0/embedf7a8]
[www.mapleparking.co.uk/wp-content/uploads/2017/03/edinburghHD.jpg]
[www.mapleparking.co.uk/airport/airport-edinburgh/index.html]
[www.mapleparking.co.uk/wp-content/uploads/2019/05/Maple-Parking-Park-Mark-Approved.png]
[www.mapleparking.co.uk/wp-json/wp/v2/posts/2066.json]
[www.mapleparking.co.uk/latest-news/park-mark-award/feed/index.html]
[www.mapleparking.co.uk/wp-json/oembed/1.0/embede02a.json]
[www.mapleparking.co.uk/wp-json/oembed/1.0/embed4e95]
[www.mapleparking.co.uk/wp-content/uploads/2019/05/Maple-Parking-Accreditations.png]
[www.mapleparking.co.uk/wp-content/uploads/2017/01/park-mark.jpg]
[www.mapleparking.co.uk/latest-news/park-mark-award/index.html]
[www.mapleparking.co.uk/index724e.html]
[www.mapleparking.co.uk/index721c.html]
[www.mapleparking.co.uk/wp-json/wp/v2/pages/1361.json]
[www.mapleparking.co.uk/wp-json/oembed/1.0/embed1a1f.json]
[www.mapleparking.co.uk/wp-json/oembed/1.0/embedc053]
[www.mapleparking.co.uk/price-match-guarantee/index.html]
[www.mapleparking.co.uk/wp-content/uploads/2018/12/Car-Valet-with-Maple-Parking.png]
[www.mapleparking.co.uk/wp-json/wp/v2/pages/1717.json]
[www.mapleparking.co.uk/wp-json/oembed/1.0/embed757a.json]
[www.mapleparking.co.uk/wp-json/oembed/1.0/embedc73a]
[www.mapleparking.co.uk/car-cleaning/index.html]
[www.mapleparking.co.uk/indexbdfb.html]
[www.mapleparking.co.uk/index1a1d.html]
[www.mapleparking.co.uk/indexc726.html]
[www.mapleparking.co.uk/index218e.html]
[www.mapleparking.co.uk/airport/page/2/index.html]
[www.mapleparking.co.uk/airport/southampton.html]
[www.mapleparking.co.uk/wp-json/oembed/1.0/embed258a.json]
[www.mapleparking.co.uk/wp-json/oembed/1.0/embeda617]
[www.mapleparking.co.uk/wp-content/uploads/2017/03/belfast-cityHD-1.jpg]
[www.mapleparking.co.uk/airport/belfast-city/index.html]
[www.mapleparking.co.uk/wp-json/oembed/1.0/embed8165.json]
[www.mapleparking.co.uk/wp-json/oembed/1.0/embed6c66]
[www.mapleparking.co.uk/wp-content/uploads/2017/03/doncasterHD.jpg]
[www.mapleparking.co.uk/airport/doncaster-sheffield/index.html]
[www.mapleparking.co.uk/wp-json/oembed/1.0/embed92fb.json]
[www.mapleparking.co.uk/wp-json/oembed/1.0/embedeadf]
[www.mapleparking.co.uk/wp-content/uploads/2017/03/humbersideHD.jpg]
[www.mapleparking.co.uk/airport/humberside/index.html]
[www.mapleparking.co.uk/airport/shannin.html]
[www.mapleparking.co.uk/indexec4a.html]
[www.mapleparking.co.uk/index5294.html]
[www.mapleparking.co.uk/index2e31.html]
[www.mapleparking.co.uk/index481e.html]
[www.mapleparking.co.uk/index76f0.html]
[www.mapleparking.co.uk/index0974.html]
[www.mapleparking.co.uk/index688e.html]
[www.mapleparking.co.uk/index5fb3.html]
[www.mapleparking.co.uk/wp-content/uploads/2019/02/image001.png]
[www.mapleparking.co.uk/wp-json/wp/v2/pages/1851.json]
[www.mapleparking.co.uk/wp-json/oembed/1.0/embed2073.json]
[www.mapleparking.co.uk/wp-json/oembed/1.0/embed7715]
[www.mapleparking.co.uk/meet-and-greet-parking-at-edinburgh/index.html]
[www.mapleparking.co.uk/wp-content/uploads/2018/12/maple-parking-25-years-experience.png]
[www.mapleparking.co.uk/wp-json/wp/v2/pages/1678.json]
[www.mapleparking.co.uk/wp-json/oembed/1.0/embedd0a5.json]
[www.mapleparking.co.uk/wp-json/oembed/1.0/embedec3f]
[www.mapleparking.co.uk/airport-parking/index.html]
[www.mapleparking.co.uk/wp-content/uploads/2019/02/Maple-Parking-Park-and-Ride..png]
[www.mapleparking.co.uk/wp-json/wp/v2/pages/1478.json]
[www.mapleparking.co.uk/wp-json/oembed/1.0/embed3e6c.json]
[www.mapleparking.co.uk/wp-json/oembed/1.0/embed47f3]
[www.mapleparking.co.uk/park-and-ride-to-gatwick-airport/index.html]
[www.mapleparking.co.uk/index6c15.html]
[www.mapleparking.co.uk/wp-includes/fonts/dashicons7d4b.eot]
[www.mapleparking.co.uk/wp-includes/fonts/dashicons7d4b.ttf]
[www.mapleparking.co.uk/wp-includes/css/dashicons.min3781.css]
[www.mapleparking.co.uk/wp-content/plugins/ninja-forms/assets/img/help-info.png]
[www.mapleparking.co.uk/wp-content/plugins/ninja-forms/assets/css/display-structure3781.css]
[www.mapleparking.co.uk/index40a0.html]
[www.mapleparking.co.uk/wp-content/uploads/2019/08/Maple-Parking-Meet-and-Greet-Parking-1024x576.png]
[www.mapleparking.co.uk/wp-json/wp/v2/pages/58.json]
[www.mapleparking.co.uk/wp-json/oembed/1.0/embed7812.json]
[www.mapleparking.co.uk/booking-with-maple-parking/feed/index.html]
[www.mapleparking.co.uk/wp-json/oembed/1.0/embed6da9]
[www.mapleparking.co.uk/booking-with-maple-parking/index.html]
[www.mapleparking.co.uk/wp-content/uploads/2018/12/Maple-Parking-Park-and-Ride.png]
[www.mapleparking.co.uk/wp-json/wp/v2/pages/1680.json]
[www.mapleparking.co.uk/wp-json/oembed/1.0/embeda9b3.json]
[www.mapleparking.co.uk/wp-json/oembed/1.0/embed6eb9]
[www.mapleparking.co.uk/park-and-ride/index.html]
[www.mapleparking.co.uk/index3fbb.html]
[www.mapleparking.co.uk/indexc508.html]
[www.mapleparking.co.uk/index3ba0.html]
[www.mapleparking.co.uk/indexb858.html]
[www.mapleparking.co.uk/index9f9d.html]
[www.mapleparking.co.uk/index0721.html]
[www.mapleparking.co.uk/indexd52d.html]
[www.mapleparking.co.uk/index913e.html]
[www.mapleparking.co.uk/index47f2.html]
[www.mapleparking.co.uk/index8cf7.html]
[www.mapleparking.co.uk/wp-content/uploads/2021/10/Covid-19-Update-200x200.png]
[www.mapleparking.co.uk/wp-content/uploads/2021/05/Aeroplanes-holidays-200x200.png]
[www.mapleparking.co.uk/wp-content/uploads/2021/03/Maple-Parking-Driver-PPE-200x200.png]
[www.mapleparking.co.uk/latest-news/page/2/index.html]
[www.mapleparking.co.uk/wp-content/uploads/2022/04/Face-Masks-Travelling.png]
[www.mapleparking.co.uk/wp-json/wp/v2/posts/4783.json]
[www.mapleparking.co.uk/holiday-travel/covid-travel-restrictions-have-ended-in-the-uk/feed/index.html]
[www.mapleparking.co.uk/wp-json/oembed/1.0/embed8365.json]
[www.mapleparking.co.uk/wp-json/oembed/1.0/embed9dff]
[www.mapleparking.co.uk/wp-content/uploads/2022/04/Post-Covid-Travel.png]
[www.mapleparking.co.uk/holiday-travel/covid-travel-restrictions-have-ended-in-the-uk/index.html]
[www.mapleparking.co.uk/wp-json/wp/v2/tags/152.json]
[www.mapleparking.co.uk/tag/covid-plane-travel/index.html]
[www.mapleparking.co.uk/tag/covid-plane-travel/feed/index.html]
[www.mapleparking.co.uk/wp-json/wp/v2/tags/153.json]
[www.mapleparking.co.uk/tag/overseas-travel/index.html]
[www.mapleparking.co.uk/tag/overseas-travel/feed/index.html]
[www.mapleparking.co.uk/wp-json/wp/v2/tags/151.json]
[www.mapleparking.co.uk/tag/travel-post-covid/index.html]
[www.mapleparking.co.uk/wp-content/uploads/2021/09/Traffic-Light.png]
[www.mapleparking.co.uk/tag/travel-post-covid/feed/index.html]
[www.mapleparking.co.uk/wp-json/wp/v2/posts/4435.json]
[www.mapleparking.co.uk/latest-news/travel-restrictions-being-amended-on-monday-4th-october/feed/index.html]
[www.mapleparking.co.uk/wp-json/oembed/1.0/embede838.json]
[www.mapleparking.co.uk/wp-json/oembed/1.0/embed091d]
[www.mapleparking.co.uk/wp-content/uploads/2021/10/Travel-Advice.png]
[www.mapleparking.co.uk/latest-news/travel-restrictions-being-amended-on-monday-4th-october/index.html]
[www.mapleparking.co.uk/wp-json/wp/v2/tags/143.json]
[www.mapleparking.co.uk/tag/airport-travel/index.html]
[www.mapleparking.co.uk/tag/airport-travel/feed/index.html]
[www.mapleparking.co.uk/tag/flying-abroad/feed/index.html]
[www.mapleparking.co.uk/wp-json/wp/v2/tags/145.json]
[www.mapleparking.co.uk/tag/flying-abroad/index.html]
[www.mapleparking.co.uk/wp-json/wp/v2/tags/146.json]
[www.mapleparking.co.uk/tag/holiday-advice/index.html]
[www.mapleparking.co.uk/tag/holiday-advice/feed/index.html]
[www.mapleparking.co.uk/wp-json/wp/v2/tags/142.json]
[www.mapleparking.co.uk/tag/travel-advice/index.html]
[www.mapleparking.co.uk/tag/travel-advice/feed/index.html]
[www.mapleparking.co.uk/tag/travelling-abroad/feed/index.html]
[www.mapleparking.co.uk/wp-json/wp/v2/tags/144.json]
[www.mapleparking.co.uk/tag/travelling-abroad/index.html]
[www.mapleparking.co.uk/wp-content/uploads/2021/10/cruise-parking.png]
[www.mapleparking.co.uk/wp-json/wp/v2/posts/4444.json]
[www.mapleparking.co.uk/latest-news/cruise-parking-options/feed/index.html]
[www.mapleparking.co.uk/wp-json/oembed/1.0/embedb0f3.json]
[www.mapleparking.co.uk/wp-json/oembed/1.0/embed6a21]
[www.mapleparking.co.uk/wp-content/uploads/2021/10/Southampton-Cruise-Parking.png]
[www.mapleparking.co.uk/latest-news/cruise-parking-options/index.html]
[www.mapleparking.co.uk/wp-json/wp/v2/tags/148.json]
[www.mapleparking.co.uk/tag/cruise-parking/index.html]
[www.mapleparking.co.uk/tag/cruise-parking/feed/index.html]
[www.mapleparking.co.uk/wp-json/wp/v2/tags/149.json]
[www.mapleparking.co.uk/tag/cruise-southampton-parking/index.html]
[www.mapleparking.co.uk/tag/cruise-southampton-parking/feed/index.html]
[www.mapleparking.co.uk/wp-json/wp/v2/tags/150.json]
[www.mapleparking.co.uk/tag/parking-at-southampton-port/index.html]
[www.mapleparking.co.uk/tag/parking-at-southampton-port/feed/index.html]
[www.mapleparking.co.uk/wp-json/wp/v2/tags/9.json]
[www.mapleparking.co.uk/tag/airport/index.html]
[www.mapleparking.co.uk/tag/airport/feed/index.html]
[www.mapleparking.co.uk/wp-json/wp/v2/tags/10.json]
[www.mapleparking.co.uk/tag/easter/index.html]
[www.mapleparking.co.uk/tag/easter/feed/index.html]
[www.mapleparking.co.uk/tag/meet-greet/feed/index.html]
[www.mapleparking.co.uk/wp-json/wp/v2/tags/7.json]
[www.mapleparking.co.uk/tag/meet-greet/index.html]
[www.mapleparking.co.uk/wp-json/wp/v2/tags/8.json]
[www.mapleparking.co.uk/tag/parking/index.html]
[www.mapleparking.co.uk/tag/parking/feed/index.html]
[www.mapleparking.co.uk/tag/schoolholidays/feed/index.html]
[www.mapleparking.co.uk/wp-json/wp/v2/tags/11.json]
[www.mapleparking.co.uk/tag/schoolholidays/index.html]
[www.mapleparking.co.uk/wp-json/wp/v2/tags/74.json]
[www.mapleparking.co.uk/tag/airport-meet-and-greet/index.html]
[www.mapleparking.co.uk/tag/airport-meet-and-greet/feed/index.html]
[www.mapleparking.co.uk/wp-json/wp/v2/tags/87.json]
[www.mapleparking.co.uk/tag/airport-parking/index.html]
[www.mapleparking.co.uk/tag/airport-parking/feed/index.html]
[www.mapleparking.co.uk/tag/airport-parking-gatwick/feed/index.html]
[www.mapleparking.co.uk/wp-json/wp/v2/tags/99.json]
[www.mapleparking.co.uk/tag/airport-parking-gatwick/index.html]
[www.mapleparking.co.uk/wp-json/wp/v2/tags/93.json]
[www.mapleparking.co.uk/tag/airport-parking-sale/index.html]
[www.mapleparking.co.uk/tag/airport-parking-sale/feed/index.html]
[www.mapleparking.co.uk/wp-json/wp/v2/tags/140.json]
[www.mapleparking.co.uk/tag/best-airport-parking/index.html]
[www.mapleparking.co.uk/tag/best-airport-parking/feed/index.html]
[www.mapleparking.co.uk/wp-json/wp/v2/tags/86.json]
[www.mapleparking.co.uk/tag/car-safety/index.html]
[www.mapleparking.co.uk/tag/car-safety/feed/index.html]
[www.mapleparking.co.uk/wp-json/wp/v2/tags/95.json]
[www.mapleparking.co.uk/tag/cheap-airport-parking/index.html]
[www.mapleparking.co.uk/tag/cheap-airport-parking/feed/index.html]
[www.mapleparking.co.uk/tag/coronovirus-car-safety/feed/index.html]
[www.mapleparking.co.uk/wp-json/wp/v2/tags/104.json]
[www.mapleparking.co.uk/tag/coronovirus-car-safety/index.html]
[www.mapleparking.co.uk/wp-json/wp/v2/tags/103.json]
[www.mapleparking.co.uk/tag/covid-19-safety/index.html]
[www.mapleparking.co.uk/tag/covid-19-safety/feed/index.html]
[www.mapleparking.co.uk/wp-json/wp/v2/tags/108.json]
[www.mapleparking.co.uk/tag/covid-safe-holiday/index.html]
[www.mapleparking.co.uk/tag/covid-safe-holiday/feed/index.html]
[www.mapleparking.co.uk/tag/covid-safe-skiing/feed/index.html]
[www.mapleparking.co.uk/wp-json/wp/v2/tags/116.json]
[www.mapleparking.co.uk/tag/covid-safe-skiing/index.html]
[www.mapleparking.co.uk/wp-json/wp/v2/tags/97.json]
[www.mapleparking.co.uk/tag/gatwick-airport-approved-operator-scheme/index.html]
[www.mapleparking.co.uk/tag/gatwick-airport-approved-operator-scheme/feed/index.html]
[www.mapleparking.co.uk/tag/gatwick-airport-parking/feed/index.html]
[www.mapleparking.co.uk/wp-json/wp/v2/tags/98.json]
[www.mapleparking.co.uk/tag/gatwick-airport-parking/index.html]
[www.mapleparking.co.uk/wp-json/wp/v2/tags/68.json]
[www.mapleparking.co.uk/tag/gatwick-meet-and-greet/index.html]
[www.mapleparking.co.uk/tag/gatwick-meet-and-greet/feed/index.html]
[www.mapleparking.co.uk/wp-json/wp/v2/tags/138.json]
[www.mapleparking.co.uk/tag/gatwick-parking/index.html]
[www.mapleparking.co.uk/tag/gatwick-parking/feed/index.html]
[www.mapleparking.co.uk/wp-json/wp/v2/tags/36.json]
[www.mapleparking.co.uk/tag/holiday-airport-parking/index.html]
[www.mapleparking.co.uk/tag/holiday-airport-parking/feed/index.html]
[www.mapleparking.co.uk/wp-json/wp/v2/tags/130.json]
[www.mapleparking.co.uk/tag/home-on-valentines-day/index.html]
[www.mapleparking.co.uk/tag/home-on-valentines-day/feed/index.html]
[www.mapleparking.co.uk/wp-json/wp/v2/tags/96.json]
[www.mapleparking.co.uk/tag/jan-sales/index.html]
[www.mapleparking.co.uk/tag/jan-sales/feed/index.html]
[www.mapleparking.co.uk/wp-json/wp/v2/tags/112.json]
[www.mapleparking.co.uk/tag/last-minute-holiday/index.html]
[www.mapleparking.co.uk/tag/last-minute-holiday/feed/index.html]
[www.mapleparking.co.uk/wp-json/wp/v2/tags/73.json]
[www.mapleparking.co.uk/tag/meet-and-greet/index.html]
[www.mapleparking.co.uk/tag/meet-and-greet/feed/index.html]
[www.mapleparking.co.uk/wp-json/wp/v2/tags/101.json]
[www.mapleparking.co.uk/tag/meet-and-greet-airport-parking/index.html]
[www.mapleparking.co.uk/tag/meet-and-greet-airport-parking/feed/index.html]
[www.mapleparking.co.uk/wp-json/wp/v2/tags/53.json]
[www.mapleparking.co.uk/tag/meet-and-greet-heathrow/index.html]
[www.mapleparking.co.uk/tag/meet-and-greet-heathrow/feed/index.html]
[www.mapleparking.co.uk/wp-json/wp/v2/tags/31.json]
[www.mapleparking.co.uk/tag/meet-and-greet-parking/index.html]
[www.mapleparking.co.uk/tag/meet-and-greet-sale/feed/index.html]
[www.mapleparking.co.uk/wp-json/wp/v2/tags/92.json]
[www.mapleparking.co.uk/tag/meet-and-greet-sale/index.html]
[www.mapleparking.co.uk/tag/meet-and-greet-parking/feed/index.html]
[www.mapleparking.co.uk/wp-json/wp/v2/tags/90.json]
[www.mapleparking.co.uk/tag/must-have-travel-essentials/index.html]
[www.mapleparking.co.uk/tag/must-have-travel-essentials/feed/index.html]
[www.mapleparking.co.uk/wp-json/wp/v2/tags/110.json]
[www.mapleparking.co.uk/tag/no-quaratine/index.html]
[www.mapleparking.co.uk/tag/no-quaratine/feed/index.html]
[www.mapleparking.co.uk/tag/park-at-gatwick-airport/feed/index.html]
[www.mapleparking.co.uk/wp-json/wp/v2/tags/100.json]
[www.mapleparking.co.uk/tag/park-at-gatwick-airport/index.html]
[www.mapleparking.co.uk/wp-json/wp/v2/tags/109.json]
[www.mapleparking.co.uk/tag/quarantine-free-holiday/index.html]
[www.mapleparking.co.uk/tag/quarantine-free-holiday/feed/index.html]
[www.mapleparking.co.uk/wp-json/wp/v2/tags/106.json]
[www.mapleparking.co.uk/tag/safety-in-the-airport/index.html]
[www.mapleparking.co.uk/tag/safety-in-the-airport/feed/index.html]
[www.mapleparking.co.uk/wp-json/wp/v2/tags/115.json]
[www.mapleparking.co.uk/tag/safety-skiing/index.html]
[www.mapleparking.co.uk/tag/safety-skiing/feed/index.html]
[www.mapleparking.co.uk/wp-json/wp/v2/tags/94.json]
[www.mapleparking.co.uk/tag/save-airport-parking/index.html]
[www.mapleparking.co.uk/tag/save-airport-parking/feed/index.html]
[www.mapleparking.co.uk/wp-json/wp/v2/tags/114.json]
[www.mapleparking.co.uk/tag/ski-2021/index.html]
[www.mapleparking.co.uk/tag/ski-2021/feed/index.html]
[www.mapleparking.co.uk/wp-json/wp/v2/tags/113.json]
[www.mapleparking.co.uk/tag/ski-season/index.html]
[www.mapleparking.co.uk/tag/ski-season/feed/index.html]
[www.mapleparking.co.uk/tag/stansted-parking/feed/index.html]
[www.mapleparking.co.uk/wp-json/wp/v2/tags/139.json]
[www.mapleparking.co.uk/tag/stansted-parking/index.html]
[www.mapleparking.co.uk/wp-json/wp/v2/tags/118.json]
[www.mapleparking.co.uk/tag/trading-standards-approved/index.html]
[www.mapleparking.co.uk/tag/trading-standards-approved/feed/index.html]
[www.mapleparking.co.uk/wp-json/wp/v2/tags/105.json]
[www.mapleparking.co.uk/tag/travel-airport-safely/index.html]
[www.mapleparking.co.uk/tag/travel-airport-safely/feed/index.html]
[www.mapleparking.co.uk/wp-json/wp/v2/tags/89.json]
[www.mapleparking.co.uk/tag/travel-essentials/index.html]
[www.mapleparking.co.uk/tag/travel-essentials/feed/index.html]
[www.mapleparking.co.uk/wp-json/wp/v2/tags/117.json]
[www.mapleparking.co.uk/tag/valet-parking/index.html]
[www.mapleparking.co.uk/tag/valet-parking/feed/index.html]
[www.mapleparking.co.uk/wp-json/wp/v2/tags/91.json]
[www.mapleparking.co.uk/tag/winter-break/index.html]
[www.mapleparking.co.uk/tag/winter-break/feed/index.html]
[www.mapleparking.co.uk/wp-json/wp/v2/tags/111.json]
[www.mapleparking.co.uk/tag/winter-sun/index.html]
[www.mapleparking.co.uk/index956a.html]
[www.mapleparking.co.uk/index49b1.html]
[www.mapleparking.co.uk/index9b9e.html]
[www.mapleparking.co.uk/index7ea6.html]
[www.mapleparking.co.uk/index0012.html]
[www.mapleparking.co.uk/indexe790.html]
[www.mapleparking.co.uk/tag/winter-sun/feed/index.html]
[cdn.ampproject.org/v0.js]
[www.mapleparking.co.uk/latest-news/feefo-2019-service-awards/index5593.html]
[www.mapleparking.co.uk/index7589.html]
[www.mapleparking.co.uk/covid-19/keeping-you-and-your-car-safe-with-maple-parking/index5593.html]
[www.mapleparking.co.uk/index198a.html]
[www.mapleparking.co.uk/index5401.html]
[www.mapleparking.co.uk/index5355.html]
[www.mapleparking.co.uk/index2ac4.html]
[www.mapleparking.co.uk/latest-news/park-mark-award/index5593.html]
[www.mapleparking.co.uk/index652d.html]
[www.mapleparking.co.uk/index6713.html]
[www.mapleparking.co.uk/wp-content/uploads/2019/01/Maple-Parking-Car-Valeting.png]
[www.mapleparking.co.uk/wp-json/wp/v2/posts/1793.json]
[www.mapleparking.co.uk/latest-news/valet-packages/feed/index.html]
[www.mapleparking.co.uk/wp-json/oembed/1.0/embed4248.json]
[www.mapleparking.co.uk/wp-json/oembed/1.0/embed11fd]
[www.mapleparking.co.uk/wp-content/uploads/2019/01/Maple-Parking-Valet-Packages.png]
[www.mapleparking.co.uk/latest-news/valet-packages/index.html]
[www.mapleparking.co.uk/airport/page/3/index.html]
[www.mapleparking.co.uk/index2915.html]
[www.mapleparking.co.uk/index4ef8.html]
[www.mapleparking.co.uk/indexf6a9.html]
[www.mapleparking.co.uk/indexd614.html]
[www.mapleparking.co.uk/indexae71.html]
[www.mapleparking.co.uk/indexe056.html]
[www.mapleparking.co.uk/indexe9b4.html]
[www.mapleparking.co.uk/index533f.html]
[www.mapleparking.co.uk/wp-content/uploads/2021/02/Gate-closing-airport-200x200.png]
[www.mapleparking.co.uk/wp-content/uploads/2021/02/couple-cooking-200x200.png]
[www.mapleparking.co.uk/wp-content/uploads/2021/02/Meet-and-Greet-Stansted-200x200.png]
[www.mapleparking.co.uk/latest-news/page/3/index.html]
[www.mapleparking.co.uk/wp-content/uploads/2021/10/Covid-19-Update.png]
[www.mapleparking.co.uk/wp-json/wp/v2/posts/4439.json]
[www.mapleparking.co.uk/latest-news/book-your-holiday-parking-with-confidence/feed/index.html]
[www.mapleparking.co.uk/wp-json/oembed/1.0/embed9868.json]
[www.mapleparking.co.uk/wp-json/oembed/1.0/embed4914]
[www.mapleparking.co.uk/wp-content/uploads/2021/10/Social-Banner.png]
[www.mapleparking.co.uk/latest-news/book-your-holiday-parking-with-confidence/index.html]
[www.mapleparking.co.uk/wp-content/uploads/2021/05/Aeroplanes-holidays.png]
[www.mapleparking.co.uk/wp-json/wp/v2/posts/4186.json]
[www.mapleparking.co.uk/covid-19/travel-restrictions-2021/feed/index.html]
[www.mapleparking.co.uk/wp-json/oembed/1.0/embedcca0.json]
[www.mapleparking.co.uk/wp-json/oembed/1.0/embedcaf2]
[www.mapleparking.co.uk/covid-19/travel-restrictions-2021/index.html]
[www.mapleparking.co.uk/wp-content/uploads/2021/03/Maple-Parking-Driver-PPE.png]
[www.mapleparking.co.uk/wp-json/wp/v2/posts/4114.json]
[www.mapleparking.co.uk/covid-19/supercharging-your-airport-parking/feed/index.html]
[www.mapleparking.co.uk/wp-json/oembed/1.0/embed8069.json]
[www.mapleparking.co.uk/wp-json/oembed/1.0/embed6af3]
[www.mapleparking.co.uk/wp-content/uploads/2021/03/Maple-Parking-Team.png]
[www.mapleparking.co.uk/covid-19/supercharging-your-airport-parking/index.html]
[www.mapleparking.co.uk/wp-json/wp/v2/tags/141.json]
[www.mapleparking.co.uk/tag/best-meet-greet-service/index.html]
[www.mapleparking.co.uk/tag/best-meet-greet-service/feed/index.html]
[www.mapleparking.co.uk/wp-json/wp/v2/tags/136.json]
[www.mapleparking.co.uk/tag/covid-secure-parking/index.html]
[www.mapleparking.co.uk/tag/covid-secure-parking/feed/index.html]
[www.mapleparking.co.uk/wp-json/wp/v2/tags/137.json]
[www.mapleparking.co.uk/tag/heathrow-parking/index.html]
[www.mapleparking.co.uk/index29aa.html]
[www.mapleparking.co.uk/tag/heathrow-parking/feed/index.html]
[www.mapleparking.co.uk/holiday-travel/covid-travel-restrictions-have-ended-in-the-uk/index5593.html]
[www.mapleparking.co.uk/index856d.html]
[www.mapleparking.co.uk/latest-news/travel-restrictions-being-amended-on-monday-4th-october/index5593.html]
[www.mapleparking.co.uk/index7618.html]
[www.mapleparking.co.uk/latest-news/cruise-parking-options/index5593.html]
[www.mapleparking.co.uk/tag/airport-parking/page/2/index.html]
[www.mapleparking.co.uk/tag/meet-and-greet-parking/page/2/index.html]
[www.mapleparking.co.uk/wp-json/wp/v2/tags/49.json]
[www.mapleparking.co.uk/tag/2019-feefo-gold-trust-award/index.html]
[www.mapleparking.co.uk/tag/2019-feefo-gold-trust-award/feed/index.html]
[www.mapleparking.co.uk/wp-json/wp/v2/tags/48.json]
[www.mapleparking.co.uk/tag/feefo-awards/index.html]
[www.mapleparking.co.uk/tag/feefo-awards/feed/index.html]
[www.mapleparking.co.uk/wp-json/wp/v2/tags/50.json]
[www.mapleparking.co.uk/tag/feefo-gold-trust-award/index.html]
[www.mapleparking.co.uk/tag/feefo-gold-trust-award/feed/index.html]
[www.mapleparking.co.uk/wp-json/wp/v2/tags/51.json]
[www.mapleparking.co.uk/tag/trusted-service-award-feefo/index.html]
[www.mapleparking.co.uk/tag/trusted-service-award-feefo/feed/index.html]
[www.mapleparking.co.uk/wp-json/wp/v2/categories/102.json]
[www.mapleparking.co.uk/covid-19/index.html]
[www.mapleparking.co.uk/covid-19/feed/index.html]
[www.mapleparking.co.uk/vehicle-security/feed/index.html]
[www.mapleparking.co.uk/wp-json/wp/v2/categories/61.json]
[www.mapleparking.co.uk/wp-content/uploads/2019/10/Rogue-Traders-200x200.png]
[www.mapleparking.co.uk/wp-content/uploads/2019/05/Maple-Parking-Park-Mark-Approved-200x200.png]
[www.mapleparking.co.uk/vehicle-security/index.html]
[www.mapleparking.co.uk/wp-json/wp/v2/tags/62.json]
[www.mapleparking.co.uk/tag/park-mark-approved/index.html]
[www.mapleparking.co.uk/tag/park-mark-approved/feed/index.html]
[www.mapleparking.co.uk/wp-json/wp/v2/tags/63.json]
[www.mapleparking.co.uk/tag/parkmark-safety-car-parks/index.html]
[www.mapleparking.co.uk/tag/parkmark-safety-car-parks/feed/index.html]
[www.mapleparking.co.uk/wp-json/wp/v2/tags/64.json]
[www.mapleparking.co.uk/tag/safe-park-mark-car-parks/index.html]
[www.mapleparking.co.uk/tag/safe-park-mark-car-parks/feed/index.html]
[www.mapleparking.co.uk/wp-json/wp/v2/tags/65.json]
[www.mapleparking.co.uk/tag/the-park-mark-safer-parking-scheme/index.html]
[www.mapleparking.co.uk/indexf179.html]
[www.mapleparking.co.uk/tag/the-park-mark-safer-parking-scheme/feed/index.html]
[www.mapleparking.co.uk/latest-news/valet-packages/index5593.html]
[www.mapleparking.co.uk/airport/page/4/index.html]
[www.mapleparking.co.uk/wp-content/uploads/2017/01/trading-standards.jpg]
[www.mapleparking.co.uk/wp-content/uploads/2020/07/Covid-19-Update-200x200.png]
[www.mapleparking.co.uk/wp-content/uploads/2020/10/Skiing-Holiday-2021-200x200.png]
[www.mapleparking.co.uk/latest-news/page/4/index.html]
[www.mapleparking.co.uk/wp-content/uploads/2021/02/Gate-closing-airport.png]
[www.mapleparking.co.uk/covid-19/lowdown-on-travel-2021/feed/index.html]
[www.mapleparking.co.uk/wp-json/wp/v2/posts/4087.json]
[www.mapleparking.co.uk/wp-json/oembed/1.0/embed25f2.json]
[www.mapleparking.co.uk/wp-json/oembed/1.0/embed9fa7]
[www.mapleparking.co.uk/wp-content/uploads/2021/02/Travel-2021.png]
[www.mapleparking.co.uk/covid-19/lowdown-on-travel-2021/index.html]
[www.mapleparking.co.uk/wp-json/wp/v2/tags/131.json]
[www.mapleparking.co.uk/tag/holiday-2021/index.html]
[www.mapleparking.co.uk/tag/holiday-2021/feed/index.html]
[www.mapleparking.co.uk/wp-json/wp/v2/tags/132.json]
[www.mapleparking.co.uk/tag/post-lockdown-travel/index.html]
[www.mapleparking.co.uk/tag/post-lockdown-travel/feed/index.html]
[www.mapleparking.co.uk/wp-json/wp/v2/tags/135.json]
[www.mapleparking.co.uk/tag/summer-breaks-2021/index.html]
[www.mapleparking.co.uk/tag/summer-breaks-2021/feed/index.html]
[www.mapleparking.co.uk/wp-json/wp/v2/tags/134.json]
[www.mapleparking.co.uk/tag/summer-holidays-2021/index.html]
[www.mapleparking.co.uk/tag/summer-holidays-2021/feed/index.html]
[www.mapleparking.co.uk/wp-json/wp/v2/tags/133.json]
[www.mapleparking.co.uk/tag/travel-2021/index.html]
[www.mapleparking.co.uk/wp-content/uploads/2021/02/couple-cooking.png]
[www.mapleparking.co.uk/tag/travel-2021/feed/index.html]
[www.mapleparking.co.uk/wp-json/wp/v2/posts/4069.json]
[www.mapleparking.co.uk/valentines-day/5-things-we-can-do-at-home-to-feel-the-love-this-weekend/feed/index.html]
[www.mapleparking.co.uk/wp-json/oembed/1.0/embed43e0.json]
[www.mapleparking.co.uk/wp-json/oembed/1.0/embed6b3c]
[www.mapleparking.co.uk/wp-content/uploads/2021/02/couple-at-home-valentines.png]
[www.mapleparking.co.uk/valentines-day/5-things-we-can-do-at-home-to-feel-the-love-this-weekend/index.html]
[www.mapleparking.co.uk/wp-json/wp/v2/tags/126.json]
[www.mapleparking.co.uk/tag/couple-at-home/index.html]
[www.mapleparking.co.uk/tag/couple-at-home/feed/index.html]
[www.mapleparking.co.uk/wp-json/wp/v2/tags/128.json]
[www.mapleparking.co.uk/tag/ideas-on-valentines/index.html]
[www.mapleparking.co.uk/tag/ideas-on-valentines/feed/index.html]
[www.mapleparking.co.uk/wp-json/wp/v2/tags/125.json]
[www.mapleparking.co.uk/tag/valentines-day/index.html]
[www.mapleparking.co.uk/tag/valentines-day/feed/index.html]
[www.mapleparking.co.uk/wp-json/wp/v2/tags/127.json]
[www.mapleparking.co.uk/tag/valentines-ideas/index.html]
[www.mapleparking.co.uk/tag/valentines-ideas/feed/index.html]
[www.mapleparking.co.uk/tag/valentinesd-ay-at-home/feed/index.html]
[www.mapleparking.co.uk/wp-json/wp/v2/tags/129.json]
[www.mapleparking.co.uk/tag/valentinesd-ay-at-home/index.html]
[www.mapleparking.co.uk/wp-content/uploads/2021/02/Meet-and-Greet-Stansted.png]
[www.mapleparking.co.uk/wp-json/wp/v2/posts/4058.json]
[www.mapleparking.co.uk/meet-and-greet-parking/what-is-the-different-meet-greet-and-valet-parking/feed/index.html]
[www.mapleparking.co.uk/wp-json/oembed/1.0/embed4095.json]
[www.mapleparking.co.uk/wp-json/oembed/1.0/embed8aa6]
[www.mapleparking.co.uk/meet-and-greet-parking/what-is-the-different-meet-greet-and-valet-parking/index.html]
[www.mapleparking.co.uk/index60f4.html]
[www.mapleparking.co.uk/latest-news/book-your-holiday-parking-with-confidence/index5593.html]
[www.mapleparking.co.uk/index72bc.html]
[www.mapleparking.co.uk/covid-19/travel-restrictions-2021/index5593.html]
[www.mapleparking.co.uk/index4af1.html]
[www.mapleparking.co.uk/covid-19/supercharging-your-airport-parking/index5593.html]
[www.mapleparking.co.uk/wp-json/wp/v2/pages/3727.json]
[www.mapleparking.co.uk/wp-json/oembed/1.0/embed19f4.json]
[www.mapleparking.co.uk/wp-json/oembed/1.0/embedadf4]
[www.mapleparking.co.uk/no-wait-guarantee/index.html]
[www.mapleparking.co.uk/wp-content/uploads/2020/07/Covid-19-Update.png]
[www.mapleparking.co.uk/wp-json/wp/v2/posts/4065.json]
[www.mapleparking.co.uk/latest-news/covid-19-precautions/feed/index.html]
[www.mapleparking.co.uk/wp-json/oembed/1.0/embedb180.json]
[www.mapleparking.co.uk/wp-json/oembed/1.0/embed409c]
[www.mapleparking.co.uk/wp-content/uploads/2021/02/Covid-Maple-Help.png]
[www.mapleparking.co.uk/latest-news/covid-19-precautions/index.html]
[www.mapleparking.co.uk/wp-json/wp/v2/categories/88.json]
[www.mapleparking.co.uk/holiday-travel/index.html]
[www.mapleparking.co.uk/wp-json/wp/v2/categories/147.json]
[www.mapleparking.co.uk/cruise-parking/index.html]
[www.mapleparking.co.uk/tag/meet-and-greet-parking/page/3/index.html]
[www.mapleparking.co.uk/covid-19/page/2/index.html]
[www.mapleparking.co.uk/holiday-travel/feed/index.html]
[www.mapleparking.co.uk/cruise-parking/feed/index.html]
[www.mapleparking.co.uk/wp-content/uploads/2019/10/Rogue-Traders.png]
[www.mapleparking.co.uk/wp-json/wp/v2/posts/2409.json]
[www.mapleparking.co.uk/vehicle-security/avoiding-rogue-airport-parking-traders/feed/index.html]
[www.mapleparking.co.uk/wp-json/oembed/1.0/embed7c13.json]
[www.mapleparking.co.uk/wp-json/oembed/1.0/embede33b]
[www.mapleparking.co.uk/wp-content/uploads/2017/01/how-why-maple.png]
[www.mapleparking.co.uk/vehicle-security/avoiding-rogue-airport-parking-traders/index.html]
[www.mapleparking.co.uk/wp-json/wp/v2/tags/85.json]
[www.mapleparking.co.uk/tag/avoid-rogue-airport-parking/index.html]
[www.mapleparking.co.uk/tag/avoid-rogue-airport-parking/feed/index.html]
[www.mapleparking.co.uk/wp-json/wp/v2/tags/40.json]
[www.mapleparking.co.uk/tag/car-cleaning-maple-manor/index.html]
[www.mapleparking.co.uk/tag/car-cleaning-maple-manor/feed/index.html]
[www.mapleparking.co.uk/wp-json/wp/v2/tags/41.json]
[www.mapleparking.co.uk/tag/maple-parking-valet-packages/index.html]
[www.mapleparking.co.uk/tag/maple-parking-valet-packages/feed/index.html]
[www.mapleparking.co.uk/wp-json/wp/v2/tags/39.json]
[www.mapleparking.co.uk/tag/meet-and-greet-car-cleaning/index.html]
[www.mapleparking.co.uk/tag/meet-and-greet-car-cleaning/feed/index.html]
[www.mapleparking.co.uk/wp-json/wp/v2/tags/38.json]
[www.mapleparking.co.uk/tag/meet-and-greet-cleaning/index.html]
[www.mapleparking.co.uk/tag/meet-and-greet-cleaning/feed/index.html]
[www.mapleparking.co.uk/airport/page/5/index.html]
[www.mapleparking.co.uk/wp-content/uploads/2020/08/Holiday-Flamingo-200x200.png]
[www.mapleparking.co.uk/wp-content/uploads/2020/07/London-Luton-airport-200x200.png]
[www.mapleparking.co.uk/latest-news/page/5/index.html]
[www.mapleparking.co.uk/wp-json/wp/v2/posts/4063.json]
[www.mapleparking.co.uk/gatwick-airport/approved-meet-and-greet-parking/feed/index.html]
[www.mapleparking.co.uk/wp-json/oembed/1.0/embed4305.json]
[www.mapleparking.co.uk/wp-json/oembed/1.0/embedbd65]
[www.mapleparking.co.uk/gatwick-airport/approved-meet-and-greet-parking/index.html]
[www.mapleparking.co.uk/tag/approved-operator/feed/index.html]
[www.mapleparking.co.uk/wp-json/wp/v2/tags/119.json]
[www.mapleparking.co.uk/tag/approved-operator/index.html]
[www.mapleparking.co.uk/wp-json/wp/v2/tags/122.json]
[www.mapleparking.co.uk/tag/buy-with-confidence/index.html]
[www.mapleparking.co.uk/tag/buy-with-confidence/feed/index.html]
[www.mapleparking.co.uk/tag/gatwick-approved-operator/feed/index.html]
[www.mapleparking.co.uk/wp-json/wp/v2/tags/120.json]
[www.mapleparking.co.uk/tag/gatwick-approved-operator/index.html]
[www.mapleparking.co.uk/tag/park-mark/feed/index.html]
[www.mapleparking.co.uk/wp-json/wp/v2/tags/123.json]
[www.mapleparking.co.uk/tag/park-mark/index.html]
[www.mapleparking.co.uk/wp-json/wp/v2/tags/121.json]
[www.mapleparking.co.uk/tag/west-sussex-trading-standards/index.html]
[www.mapleparking.co.uk/wp-content/uploads/2020/10/Skiing-Holiday-2021.png]
[www.mapleparking.co.uk/tag/west-sussex-trading-standards/feed/index.html]
[www.mapleparking.co.uk/wp-json/wp/v2/posts/3849.json]
[www.mapleparking.co.uk/latest-news/is-it-safe-to-go-skiing/feed/index.html]
[www.mapleparking.co.uk/wp-json/oembed/1.0/embed884b.json]
[www.mapleparking.co.uk/wp-json/oembed/1.0/embed92b4]
[www.mapleparking.co.uk/wp-content/uploads/2020/10/ski-Holiday.png]
[www.mapleparking.co.uk/latest-news/is-it-safe-to-go-skiing/index.html]
[www.mapleparking.co.uk/index5c2c.html]
[www.mapleparking.co.uk/covid-19/lowdown-on-travel-2021/index5593.html]
[www.mapleparking.co.uk/indexa279.html]
[www.mapleparking.co.uk/valentines-day/5-things-we-can-do-at-home-to-feel-the-love-this-weekend/index5593.html]
[www.mapleparking.co.uk/index0f22.html]
[www.mapleparking.co.uk/meet-and-greet-parking/what-is-the-different-meet-greet-and-valet-parking/index5593.html]
[www.mapleparking.co.uk/wp-json/wp/v2/categories/72.json]
[www.mapleparking.co.uk/meet-and-greet-parking/index.html]
[www.mapleparking.co.uk/index104b.html]
[www.mapleparking.co.uk/index9c47.html]
[www.mapleparking.co.uk/latest-news/covid-19-precautions/index5593.html]
[www.mapleparking.co.uk/holiday-travel/page/2/index.html]
[www.mapleparking.co.uk/covid-19/page/3/index.html]
[www.mapleparking.co.uk/index5ac4.html]
[www.mapleparking.co.uk/meet-and-greet-parking/feed/index.html]
[www.mapleparking.co.uk/vehicle-security/avoiding-rogue-airport-parking-traders/index5593.html]
[www.mapleparking.co.uk/airport/page/6/index.html]
[www.mapleparking.co.uk/wp-content/uploads/2020/05/Wearing-face-mask-200x200.png]
[www.mapleparking.co.uk/wp-content/uploads/2020/05/Social-Distancing-Rules-200x200.png]
[www.mapleparking.co.uk/wp-content/uploads/2020/03/Love-your-car-Maple-200x200.png]
[www.mapleparking.co.uk/latest-news/page/6/index.html]
[www.mapleparking.co.uk/wp-content/uploads/2020/08/Holiday-Flamingo.png]
[www.mapleparking.co.uk/wp-json/wp/v2/posts/3844.json]
[www.mapleparking.co.uk/holiday-travel/3-destinations-without-quarantine/feed/index.html]
[www.mapleparking.co.uk/wp-json/oembed/1.0/embed9f9e.json]
[www.mapleparking.co.uk/wp-json/oembed/1.0/embedc6af]
[www.mapleparking.co.uk/wp-content/uploads/2020/10/Beach-Holiday.png]
[www.mapleparking.co.uk/holiday-travel/3-destinations-without-quarantine/index.html]
[www.mapleparking.co.uk/wp-content/uploads/2020/07/London-Luton-airport.png]
[www.mapleparking.co.uk/latest-news/meet-greet-parking-at-london-luton/feed/index.html]
[www.mapleparking.co.uk/wp-json/wp/v2/posts/3616.json]
[www.mapleparking.co.uk/wp-json/oembed/1.0/embedab39.json]
[www.mapleparking.co.uk/wp-json/oembed/1.0/embed5712]
[www.mapleparking.co.uk/wp-content/uploads/2020/08/Meet-Greet-London-Luton.png]
[www.mapleparking.co.uk/latest-news/meet-greet-parking-at-london-luton/index.html]
[www.mapleparking.co.uk/wp-json/wp/v2/posts/3505.json]
[www.mapleparking.co.uk/covid-19/safety-in-the-airport/feed/index.html]
[www.mapleparking.co.uk/wp-json/oembed/1.0/embed570b.json]
[www.mapleparking.co.uk/wp-json/oembed/1.0/embed57c6]
[www.mapleparking.co.uk/wp-content/uploads/2020/07/Protection-on-the-plane.png]
[www.mapleparking.co.uk/covid-19/safety-in-the-airport/index.html]
[www.mapleparking.co.uk/indexf591.html]
[www.mapleparking.co.uk/gatwick-airport/approved-meet-and-greet-parking/index5593.html]
[www.mapleparking.co.uk/index2c41.html]
[www.mapleparking.co.uk/latest-news/is-it-safe-to-go-skiing/index5593.html]
[www.mapleparking.co.uk/wp-json/wp/v2/categories/124.json]
[www.mapleparking.co.uk/valentines-day/index.html]
[www.mapleparking.co.uk/wp-content/uploads/2019/02/Gatwick-e1581433427709.png]
[www.mapleparking.co.uk/meet-and-greet-parking/page/2/index.html]
[www.mapleparking.co.uk/wp-content/uploads/2019/11/Travel-airport-200x200.png]
[www.mapleparking.co.uk/holiday-travel/page/3/index.html]
[www.mapleparking.co.uk/covid-19/page/4/index.html]
[www.mapleparking.co.uk/valentines-day/feed/index.html]
[www.mapleparking.co.uk/airport/page/7/index.html]
[www.mapleparking.co.uk/wp-content/uploads/2020/01/20-off-200x200.png]
[www.mapleparking.co.uk/latest-news/page/7/index.html]
[www.mapleparking.co.uk/wp-content/uploads/2020/05/Social-Distancing-Rules.png]
[www.mapleparking.co.uk/wp-json/wp/v2/posts/3373.json]
[www.mapleparking.co.uk/latest-news/social-distancing-in-the-airport/feed/index.html]
[www.mapleparking.co.uk/wp-json/oembed/1.0/embed78f2.json]
[www.mapleparking.co.uk/wp-json/oembed/1.0/embedc376]
[www.mapleparking.co.uk/wp-content/uploads/2020/05/Planes-grounded-at-the-airport.png]
[www.mapleparking.co.uk/latest-news/social-distancing-in-the-airport/index.html]
[www.mapleparking.co.uk/wp-content/uploads/2020/03/Love-your-car-Maple-e1583165141661.png]
[www.mapleparking.co.uk/wp-json/wp/v2/posts/2650.json]
[www.mapleparking.co.uk/latest-news/why-you-l💗ve-parking-with-maple-parking/feed/index.html]
[www.mapleparking.co.uk/wp-json/oembed/1.0/embedbaf8.json]
[www.mapleparking.co.uk/wp-json/oembed/1.0/embede9f5]
[www.mapleparking.co.uk/wp-content/uploads/2020/02/Unknown-1.jpg]
[www.mapleparking.co.uk/wp-content/uploads/2020/03/Maple-Parking-Excellent.png]
[www.mapleparking.co.uk/latest-news/why-you-l💗ve-parking-with-maple-parking/index.html]
[www.mapleparking.co.uk/index096f.html]
[www.mapleparking.co.uk/holiday-travel/3-destinations-without-quarantine/index5593.html]
[www.mapleparking.co.uk/index08ab.html]
[www.mapleparking.co.uk/latest-news/meet-greet-parking-at-london-luton/index5593.html]
[www.mapleparking.co.uk/indexc519.html]
[www.mapleparking.co.uk/covid-19/safety-in-the-airport/index5593.html]
[www.mapleparking.co.uk/wp-json/wp/v2/categories/66.json]
[www.mapleparking.co.uk/wp-content/uploads/2019/06/Gatwick-Terminal-North-1-200x200.png]
[www.mapleparking.co.uk/gatwick-airport/index.html]
[www.mapleparking.co.uk/gatwick-airport/feed/index.html]
[www.mapleparking.co.uk/wp-content/uploads/2019/08/Maple-Parking-Meet-and-Greet-200x200.png]
[www.mapleparking.co.uk/wp-content/uploads/2018/06/Holiday-Savings-200x200.png]
[www.mapleparking.co.uk/meet-and-greet-parking/page/3/index.html]
[www.mapleparking.co.uk/wp-json/wp/v2/posts/2595.json]
[www.mapleparking.co.uk/latest-news/booked-your-meet-and-greet-parking/feed/index.html]
[www.mapleparking.co.uk/wp-json/oembed/1.0/embed1337.json]
[www.mapleparking.co.uk/wp-json/oembed/1.0/embedd3ca]
[www.mapleparking.co.uk/wp-content/uploads/2019/09/Your-Lonon-Airport-Gatwick.jpg]
[www.mapleparking.co.uk/latest-news/booked-your-meet-and-greet-parking/index.html]
[www.mapleparking.co.uk/wp-content/uploads/2019/11/Travel-airport.png]
[www.mapleparking.co.uk/wp-json/wp/v2/posts/2476.json]
[www.mapleparking.co.uk/latest-news/holiday-travel-essentials/feed/index.html]
[www.mapleparking.co.uk/wp-json/oembed/1.0/embed281f.json]
[www.mapleparking.co.uk/wp-json/oembed/1.0/embeda5d1]
[www.mapleparking.co.uk/wp-content/uploads/2019/11/Gatwick-Airport-Autumn.png]
[www.mapleparking.co.uk/latest-news/holiday-travel-essentials/index.html]
[www.mapleparking.co.uk/airport/page/8/index.html]
[www.mapleparking.co.uk/wp-content/uploads/2019/09/Gold-Membership-196x200.png]
[www.mapleparking.co.uk/latest-news/page/8/index.html]
[www.mapleparking.co.uk/wp-content/uploads/2020/01/20-off.png]
[www.mapleparking.co.uk/wp-json/wp/v2/posts/2539.json]
[www.mapleparking.co.uk/wp-json/oembed/1.0/embeda6ae.json]
[www.mapleparking.co.uk/latest-news/jump-into-january-with-a-sale/feed/index.html]
[www.mapleparking.co.uk/wp-json/oembed/1.0/embedb5aa]
[www.mapleparking.co.uk/wp-content/uploads/2020/01/Jan-2020-sale-1.png]
[www.mapleparking.co.uk/latest-news/jump-into-january-with-a-sale/index.html]
[www.mapleparking.co.uk/index8cc5.html]
[www.mapleparking.co.uk/latest-news/social-distancing-in-the-airport/index5593.html]
[www.mapleparking.co.uk/index83ea.html]
[s.w.org/images/core/emoji/14.0.0/72x72/1f497.png]
[www.mapleparking.co.uk/latest-news/why-you-l💗ve-parking-with-maple-parking/index5593.html]
[www.mapleparking.co.uk/wp-json/wp/v2/categories/107.json]
[www.mapleparking.co.uk/luton-airport/index.html]
[www.mapleparking.co.uk/wp-content/uploads/2019/06/Gatwick-Terminal-North-1.png]
[www.mapleparking.co.uk/luton-airport/feed/index.html]
[www.mapleparking.co.uk/gatwick-airport/gatwick-north-terminal-parking/feed/index.html]
[www.mapleparking.co.uk/wp-json/wp/v2/posts/2120.json]
[www.mapleparking.co.uk/wp-json/oembed/1.0/embed3262.json]
[www.mapleparking.co.uk/wp-json/oembed/1.0/embedb426]
[www.mapleparking.co.uk/wp-content/uploads/2019/06/Gatwick-North-Terminal.png]
[www.mapleparking.co.uk/gatwick-airport/gatwick-north-terminal-parking/index.html]
[www.mapleparking.co.uk/tag/gatwick-north-airport-parking/feed/index.html]
[www.mapleparking.co.uk/wp-json/wp/v2/tags/67.json]
[www.mapleparking.co.uk/tag/gatwick-north-airport-parking/index.html]
[www.mapleparking.co.uk/wp-json/wp/v2/tags/70.json]
[www.mapleparking.co.uk/tag/gatwick-north-parking/index.html]
[www.mapleparking.co.uk/tag/gatwick-north-parking/feed/index.html]
[www.mapleparking.co.uk/wp-json/wp/v2/tags/69.json]
[www.mapleparking.co.uk/tag/gatwick-north-terminal-parking/index.html]
[www.mapleparking.co.uk/tag/gatwick-north-terminal-parking/feed/index.html]
[www.mapleparking.co.uk/wp-json/wp/v2/tags/71.json]
[www.mapleparking.co.uk/tag/parking-at-gatwick-north/index.html]
[www.mapleparking.co.uk/wp-content/uploads/2019/08/Maple-Parking-Meet-and-Greet.png]
[www.mapleparking.co.uk/tag/parking-at-gatwick-north/feed/index.html]
[www.mapleparking.co.uk/wp-json/wp/v2/posts/2251.json]
[www.mapleparking.co.uk/wp-json/oembed/1.0/embed08cd.json]
[www.mapleparking.co.uk/latest-news/book-meet-greet-parking-airport-confidence/feed/index.html]
[www.mapleparking.co.uk/wp-json/oembed/1.0/embed7d92]
[www.mapleparking.co.uk/wp-content/uploads/2019/08/Maple-Parking-Loyalty.png]
[www.mapleparking.co.uk/latest-news/book-meet-greet-parking-airport-confidence/index.html]
[www.mapleparking.co.uk/wp-json/wp/v2/tags/75.json]
[www.mapleparking.co.uk/tag/safe-meet-and-greet/index.html]
[www.mapleparking.co.uk/wp-content/uploads/2018/06/Holiday-Savings.png]
[www.mapleparking.co.uk/tag/safe-meet-and-greet/feed/index.html]
[www.mapleparking.co.uk/wp-json/wp/v2/posts/1662.json]
[www.mapleparking.co.uk/latest-news/christmas-airport-parking-offer/feed/index.html]
[www.mapleparking.co.uk/wp-json/oembed/1.0/embedb6ae.json]
[www.mapleparking.co.uk/wp-json/oembed/1.0/embede317]
[www.mapleparking.co.uk/wp-content/uploads/2018/12/Maple-Parking-Christmas-Offer.png]
[www.mapleparking.co.uk/latest-news/christmas-airport-parking-offer/index.html]
[www.mapleparking.co.uk/tag/christmas-airport-parking/feed/index.html]
[www.mapleparking.co.uk/wp-json/wp/v2/tags/35.json]
[www.mapleparking.co.uk/tag/christmas-airport-parking/index.html]
[www.mapleparking.co.uk/tag/christmas-meet-and-greet-offer/feed/index.html]
[www.mapleparking.co.uk/wp-json/wp/v2/tags/37.json]
[www.mapleparking.co.uk/tag/christmas-meet-and-greet-offer/index.html]
[www.mapleparking.co.uk/index7607.html]
[www.mapleparking.co.uk/latest-news/booked-your-meet-and-greet-parking/index5593.html]
[www.mapleparking.co.uk/index9e67.html]
[www.mapleparking.co.uk/latest-news/holiday-travel-essentials/index5593.html]
[www.mapleparking.co.uk/airport/page/9/index.html]
[www.mapleparking.co.uk/latest-news/page/9/index.html]
[www.mapleparking.co.uk/wp-content/uploads/2019/09/Gold-Membership-e1568976104932.png]
[www.mapleparking.co.uk/wp-json/wp/v2/posts/2360.json]
[www.mapleparking.co.uk/wp-json/oembed/1.0/embedfe99.json]
[www.mapleparking.co.uk/latest-news/gold-membership-explained/feed/index.html]
[www.mapleparking.co.uk/wp-json/oembed/1.0/embedc806]
[www.mapleparking.co.uk/wp-content/uploads/2019/09/Gold-Member.png]
[www.mapleparking.co.uk/latest-news/gold-membership-explained/index.html]
[www.mapleparking.co.uk/tag/airport-parking-discount/feed/index.html]
[www.mapleparking.co.uk/wp-json/wp/v2/tags/83.json]
[www.mapleparking.co.uk/tag/airport-parking-discount/index.html]
[www.mapleparking.co.uk/tag/loyalty-discount/feed/index.html]
[www.mapleparking.co.uk/wp-json/wp/v2/tags/81.json]
[www.mapleparking.co.uk/tag/loyalty-discount/index.html]
[www.mapleparking.co.uk/wp-json/wp/v2/tags/80.json]
[www.mapleparking.co.uk/tag/loyalty-reward/index.html]
[www.mapleparking.co.uk/tag/loyalty-reward/feed/index.html]
[www.mapleparking.co.uk/tag/meet-and-greet-discount/feed/index.html]
[www.mapleparking.co.uk/wp-json/wp/v2/tags/82.json]
[www.mapleparking.co.uk/tag/meet-and-greet-discount/index.html]
[www.mapleparking.co.uk/wp-json/wp/v2/tags/84.json]
[www.mapleparking.co.uk/tag/save-20-airport-parking/index.html]
[www.mapleparking.co.uk/tag/save-20-airport-parking/feed/index.html]
[www.mapleparking.co.uk/heathrow-airport/meet-and-greet-parking-heathrow/feed/index.html]
[www.mapleparking.co.uk/wp-json/wp/v2/posts/2257.json]
[www.mapleparking.co.uk/wp-json/oembed/1.0/embed56b3.json]
[www.mapleparking.co.uk/wp-json/oembed/1.0/embeda924]
[www.mapleparking.co.uk/wp-content/uploads/2019/08/Heathrow-Airport-1024x683.png]
[www.mapleparking.co.uk/heathrow-airport/meet-and-greet-parking-heathrow/index.html]
[www.mapleparking.co.uk/wp-json/wp/v2/tags/77.json]
[www.mapleparking.co.uk/tag/meet-and-greet-parking-heathrow/index.html]
[www.mapleparking.co.uk/tag/meet-and-greet-parking-heathrow/feed/index.html]
[www.mapleparking.co.uk/tag/meet-greet-parking-heathrow-airport/feed/index.html]
[www.mapleparking.co.uk/wp-json/wp/v2/tags/78.json]
[www.mapleparking.co.uk/tag/meet-greet-parking-heathrow-airport/index.html]
[www.mapleparking.co.uk/index36c4.html]
[www.mapleparking.co.uk/latest-news/jump-into-january-with-a-sale/index5593.html]
[www.mapleparking.co.uk/index36a4.html]
[www.mapleparking.co.uk/gatwick-airport/gatwick-north-terminal-parking/index5593.html]
[www.mapleparking.co.uk/indexbd91.html]
[www.mapleparking.co.uk/latest-news/book-meet-greet-parking-airport-confidence/index5593.html]
[www.mapleparking.co.uk/index9389.html]
[www.mapleparking.co.uk/latest-news/christmas-airport-parking-offer/index5593.html]
[www.mapleparking.co.uk/airport/page/10/index.html]
[www.mapleparking.co.uk/wp-content/uploads/2019/04/Beaches-200x200.png]
[www.mapleparking.co.uk/wp-content/uploads/2019/03/Easter-Sale-Maple-Parking.-200x200.png]
[www.mapleparking.co.uk/wp-content/uploads/2019/03/Maple-Parking-Feefo-Gold-Award.-200x200.png]
[www.mapleparking.co.uk/latest-news/page/10/index.html]
[www.mapleparking.co.uk/index9252.html]
[www.mapleparking.co.uk/latest-news/gold-membership-explained/index5593.html]
[www.mapleparking.co.uk/indexbe4b.html]
[www.mapleparking.co.uk/heathrow-airport/meet-and-greet-parking-heathrow/index5593.html]
[www.mapleparking.co.uk/wp-content/uploads/2019/02/Car-Parks-200x200.png]
[www.mapleparking.co.uk/wp-content/uploads/2019/01/Maple-Parking-Car-Valeting-200x200.png]
[www.mapleparking.co.uk/wp-content/uploads/2017/04/parkride_mobile-200x200.jpg]
[www.mapleparking.co.uk/latest-news/page/11/index.html]
[www.mapleparking.co.uk/wp-content/uploads/2019/04/Beaches.png]
[www.mapleparking.co.uk/wp-json/wp/v2/posts/2040.json]
[www.mapleparking.co.uk/wp-json/oembed/1.0/embedc4c0.json]
[www.mapleparking.co.uk/latest-news/holiday-airport-parking-tips/feed/index.html]
[www.mapleparking.co.uk/wp-json/oembed/1.0/embedfbdd]
[www.mapleparking.co.uk/wp-content/uploads/2019/04/Family-Holiday.png]
[www.mapleparking.co.uk/latest-news/holiday-airport-parking-tips/index.html]
[www.mapleparking.co.uk/tag/airport-parking-at-easter/feed/index.html]
[www.mapleparking.co.uk/wp-json/wp/v2/tags/60.json]
[www.mapleparking.co.uk/tag/airport-parking-at-easter/index.html]
[www.mapleparking.co.uk/tag/holiday-parking-tips/feed/index.html]
[www.mapleparking.co.uk/wp-json/wp/v2/tags/59.json]
[www.mapleparking.co.uk/tag/holiday-parking-tips/index.html]
[www.mapleparking.co.uk/wp-content/uploads/2019/03/Easter-Sale-Maple-Parking..png]
[www.mapleparking.co.uk/wp-json/wp/v2/posts/2016.json]
[www.mapleparking.co.uk/latest-news/meet-and-greet-parking-big-easter-sale/feed/index.html]
[www.mapleparking.co.uk/wp-json/oembed/1.0/embed21aa.json]
[www.mapleparking.co.uk/wp-json/oembed/1.0/embedfef1]
[www.mapleparking.co.uk/wp-content/uploads/2019/03/Easter-Sale-Maple-Parking.-300x290.png]
[www.mapleparking.co.uk/latest-news/meet-and-greet-parking-big-easter-sale/index.html]
[www.mapleparking.co.uk/tag/easter-airport-parking/feed/index.html]
[www.mapleparking.co.uk/wp-json/wp/v2/tags/55.json]
[www.mapleparking.co.uk/tag/easter-airport-parking/index.html]
[www.mapleparking.co.uk/wp-json/wp/v2/tags/57.json]
[www.mapleparking.co.uk/tag/meet-and-greet-easter-offer/index.html]
[www.mapleparking.co.uk/tag/meet-and-greet-easter-offer/feed/index.html]
[www.mapleparking.co.uk/wp-json/wp/v2/tags/58.json]
[www.mapleparking.co.uk/tag/meet-and-greet-easter-parking/index.html]
[www.mapleparking.co.uk/tag/meet-and-greet-easter-parking/feed/index.html]
[www.mapleparking.co.uk/wp-json/wp/v2/tags/56.json]
[www.mapleparking.co.uk/tag/special-offer-meet-and-greet/index.html]
[www.mapleparking.co.uk/tag/special-offer-meet-and-greet/feed/index.html]
[www.mapleparking.co.uk/wp-json/wp/v2/categories/76.json]
[www.mapleparking.co.uk/heathrow-airport/index.html]
[www.mapleparking.co.uk/wp-content/uploads/2018/10/TrustPilot-Great-200x200.png]
[www.mapleparking.co.uk/wp-content/uploads/2018/07/Maple-Manor-Parking-Heathrow-1-200x200.png]
[www.mapleparking.co.uk/latest-news/page/12/index.html]
[www.mapleparking.co.uk/heathrow-airport/feed/index.html]
[www.mapleparking.co.uk/wp-content/uploads/2019/02/Car-Parks.png]
[www.mapleparking.co.uk/latest-news/love-our-customers-cars/feed/index.html]
[www.mapleparking.co.uk/wp-json/wp/v2/posts/1877.json]
[www.mapleparking.co.uk/wp-json/oembed/1.0/embed88a6.json]
[www.mapleparking.co.uk/wp-json/oembed/1.0/embed81d6]
[www.mapleparking.co.uk/wp-content/uploads/2019/02/Love-your-car.png]
[www.mapleparking.co.uk/latest-news/love-our-customers-cars/index.html]
[www.mapleparking.co.uk/wp-json/wp/v2/tags/42.json]
[www.mapleparking.co.uk/tag/maple-parking-security/index.html]
[www.mapleparking.co.uk/tag/maple-parking-security/feed/index.html]
[www.mapleparking.co.uk/wp-json/wp/v2/tags/44.json]
[www.mapleparking.co.uk/tag/meet-and-greet-parking-offer/index.html]
[www.mapleparking.co.uk/tag/meet-and-greet-parking-offer/feed/index.html]
[www.mapleparking.co.uk/wp-json/wp/v2/tags/43.json]
[www.mapleparking.co.uk/tag/meet-and-greet-security/index.html]
[www.mapleparking.co.uk/wp-content/uploads/2017/04/parkride_mobile.jpg]
[www.mapleparking.co.uk/tag/meet-and-greet-security/feed/index.html]
[www.mapleparking.co.uk/wp-json/wp/v2/posts/1721.json]
[www.mapleparking.co.uk/latest-news/pre-book-parking/feed/index.html]
[www.mapleparking.co.uk/wp-json/oembed/1.0/embed9707.json]
[www.mapleparking.co.uk/wp-json/oembed/1.0/embed4d4c]
[www.mapleparking.co.uk/wp-content/uploads/2018/12/Maple-Parking-Drivers.png]
[www.mapleparking.co.uk/latest-news/pre-book-parking/index.html]
[www.mapleparking.co.uk/tag/advanced-airport-parking/feed/index.html]
[www.mapleparking.co.uk/wp-json/wp/v2/tags/45.json]
[www.mapleparking.co.uk/tag/advanced-airport-parking/index.html]
[www.mapleparking.co.uk/wp-json/wp/v2/tags/47.json]
[www.mapleparking.co.uk/tag/book-airport-parking-early/index.html]
[www.mapleparking.co.uk/tag/book-airport-parking-early/feed/index.html]
[www.mapleparking.co.uk/wp-json/wp/v2/tags/46.json]
[www.mapleparking.co.uk/tag/book-meet-greet-in-advance/index.html]
[www.mapleparking.co.uk/indexdb79.html]
[www.mapleparking.co.uk/tag/book-meet-greet-in-advance/feed/index.html]
[www.mapleparking.co.uk/latest-news/holiday-airport-parking-tips/index5593.html]
[www.mapleparking.co.uk/indexd509.html]
[www.mapleparking.co.uk/latest-news/meet-and-greet-parking-big-easter-sale/index5593.html]
[www.mapleparking.co.uk/wp-content/uploads/2018/05/Golf-Abroad-200x200.png]
[www.mapleparking.co.uk/wp-content/uploads/2018/05/Maple-Manor-Hotel-Room-200x200.png]
[www.mapleparking.co.uk/latest-news/page/13/index.html]
[www.mapleparking.co.uk/wp-content/uploads/2018/10/TrustPilot-Great-e1539265713568.png]
[www.mapleparking.co.uk/wp-json/wp/v2/posts/1554.json]
[www.mapleparking.co.uk/wp-json/oembed/1.0/embedbe43.json]
[www.mapleparking.co.uk/latest-news/trustpilot-rates-maple-parking-great/feed/index.html]
[www.mapleparking.co.uk/wp-json/oembed/1.0/embed2b54]
[www.mapleparking.co.uk/wp-content/uploads/2018/10/Maple-Parking-TrustPilot-Reviews.png]
[www.mapleparking.co.uk/latest-news/trustpilot-rates-maple-parking-great/index.html]
[www.mapleparking.co.uk/tag/customer-feedback/feed/index.html]
[www.mapleparking.co.uk/wp-json/wp/v2/tags/33.json]
[www.mapleparking.co.uk/tag/customer-feedback/index.html]
[www.mapleparking.co.uk/wp-json/wp/v2/tags/34.json]
[www.mapleparking.co.uk/tag/customer-reviews/index.html]
[www.mapleparking.co.uk/tag/customer-reviews/feed/index.html]
[www.mapleparking.co.uk/wp-json/wp/v2/tags/32.json]
[www.mapleparking.co.uk/tag/trustpilot-reviews/index.html]
[www.mapleparking.co.uk/wp-content/uploads/2018/07/Maple-Manor-Parking-Heathrow-1.png]
[www.mapleparking.co.uk/tag/trustpilot-reviews/feed/index.html]
[www.mapleparking.co.uk/wp-json/wp/v2/posts/1394.json]
[www.mapleparking.co.uk/latest-news/meet-and-greet-parking-explained/feed/index.html]
[www.mapleparking.co.uk/wp-json/oembed/1.0/embedc05b.json]
[www.mapleparking.co.uk/wp-json/oembed/1.0/embede6a4]
[www.mapleparking.co.uk/wp-content/uploads/2018/07/Maple-Manor-Parking-Heathrow.png]
[www.mapleparking.co.uk/wp-content/uploads/2018/07/meet-and-greet-parking.png]
[www.mapleparking.co.uk/latest-news/meet-and-greet-parking-explained/index.html]
[www.mapleparking.co.uk/index4439.html]
[www.mapleparking.co.uk/latest-news/love-our-customers-cars/index5593.html]
[www.mapleparking.co.uk/index6ccc.html]
[www.mapleparking.co.uk/latest-news/pre-book-parking/index5593.html]
[www.mapleparking.co.uk/wp-content/uploads/2018/04/Sky-Trax-200x200.png]
[www.mapleparking.co.uk/wp-content/uploads/2018/03/feefo-gold-1-200x200.png]
[www.mapleparking.co.uk/wp-content/uploads/2018/02/airport-travel-200x200.png]
[www.mapleparking.co.uk/latest-news/page/14/index.html]
[www.mapleparking.co.uk/wp-json/wp/v2/posts/1349.json]
[www.mapleparking.co.uk/latest-news/holiday-saving-tips/feed/index.html]
[www.mapleparking.co.uk/wp-json/oembed/1.0/embedad3e.json]
[www.mapleparking.co.uk/wp-json/oembed/1.0/embed8458]
[www.mapleparking.co.uk/wp-content/uploads/2018/06/Holidays.png]
[www.mapleparking.co.uk/latest-news/holiday-saving-tips/index.html]
[www.mapleparking.co.uk/wp-json/wp/v2/tags/28.json]
[www.mapleparking.co.uk/tag/holiday-saving-tips/index.html]
[www.mapleparking.co.uk/tag/holiday-saving-tips/feed/index.html]
[www.mapleparking.co.uk/tag/meet-and-greet-holiday-parking/feed/index.html]
[www.mapleparking.co.uk/wp-json/wp/v2/tags/30.json]
[www.mapleparking.co.uk/tag/meet-and-greet-holiday-parking/index.html]
[www.mapleparking.co.uk/wp-json/wp/v2/tags/29.json]
[www.mapleparking.co.uk/tag/save-on-holiday/index.html]
[www.mapleparking.co.uk/wp-content/uploads/2018/05/Golf-Abroad.png]
[www.mapleparking.co.uk/tag/save-on-holiday/feed/index.html]
[www.mapleparking.co.uk/wp-json/wp/v2/posts/1312.json]
[www.mapleparking.co.uk/latest-news/taking-sports-equipment-on-holiday/feed/index.html]
[www.mapleparking.co.uk/wp-json/oembed/1.0/embed3421.json]
[www.mapleparking.co.uk/wp-json/oembed/1.0/embede99e]
[www.mapleparking.co.uk/wp-content/uploads/2018/05/Sports-Equipment.png]
[www.mapleparking.co.uk/latest-news/taking-sports-equipment-on-holiday/index.html]
[www.mapleparking.co.uk/wp-json/wp/v2/tags/25.json]
[www.mapleparking.co.uk/tag/golfing-abroad/index.html]
[www.mapleparking.co.uk/tag/golfing-abroad/feed/index.html]
[www.mapleparking.co.uk/wp-json/wp/v2/tags/26.json]
[www.mapleparking.co.uk/tag/sports-equipment-abroad/index.html]
[www.mapleparking.co.uk/tag/sports-equipment-abroad/feed/index.html]
[www.mapleparking.co.uk/wp-json/wp/v2/tags/27.json]
[www.mapleparking.co.uk/tag/sports-equipment-on-holiday/index.html]
[www.mapleparking.co.uk/wp-content/uploads/2018/05/Maple-Manor-Hotel-Room.png]
[www.mapleparking.co.uk/tag/sports-equipment-on-holiday/feed/index.html]
[www.mapleparking.co.uk/wp-json/wp/v2/posts/1301.json]
[www.mapleparking.co.uk/latest-news/the-maple-manor-hotel/feed/index.html]
[www.mapleparking.co.uk/wp-json/oembed/1.0/embed5c76.json]
[www.mapleparking.co.uk/wp-json/oembed/1.0/embed0f92]
[www.mapleparking.co.uk/wp-content/uploads/2018/05/Maple-Manor-Hotel.png]
[www.mapleparking.co.uk/latest-news/the-maple-manor-hotel/index.html]
[www.mapleparking.co.uk/wp-json/wp/v2/tags/23.json]
[www.mapleparking.co.uk/tag/gatwick-hotel/index.html]
[www.mapleparking.co.uk/tag/gatwick-hotel/feed/index.html]
[www.mapleparking.co.uk/wp-json/wp/v2/tags/24.json]
[www.mapleparking.co.uk/tag/maple-manor-hotel/index.html]
[www.mapleparking.co.uk/index1a80.html]
[www.mapleparking.co.uk/tag/maple-manor-hotel/feed/index.html]
[www.mapleparking.co.uk/latest-news/trustpilot-rates-maple-parking-great/index5593.html]
[www.mapleparking.co.uk/indexcff5.html]
[www.mapleparking.co.uk/latest-news/meet-and-greet-parking-explained/index5593.html]
[www.mapleparking.co.uk/wp-content/uploads/2017/09/new-airport-200x200.png]
[www.mapleparking.co.uk/wp-content/uploads/2019/01/Maple-Meet-and-Greet-Heathrow-200x200.png]
[www.mapleparking.co.uk/wp-content/uploads/2017/03/keep-calm-blog-200x180.jpg]
[www.mapleparking.co.uk/latest-news/page/15/index.html]
[www.mapleparking.co.uk/wp-content/uploads/2018/04/Sky-Trax.png]
[www.mapleparking.co.uk/wp-json/wp/v2/posts/1241.json]
[www.mapleparking.co.uk/latest-news/best-airport-world/feed/index.html]
[www.mapleparking.co.uk/wp-json/oembed/1.0/embed1a47.json]
[www.mapleparking.co.uk/wp-json/oembed/1.0/embed8c42]
[www.mapleparking.co.uk/wp-content/uploads/2018/04/Sky-Trax-300x160.png]
[www.mapleparking.co.uk/wp-content/uploads/2018/04/Singapore-300x91.png]
[www.mapleparking.co.uk/wp-content/uploads/2018/04/korea-300x225.png]
[www.mapleparking.co.uk/latest-news/best-airport-world/index.html]
[www.mapleparking.co.uk/tag/airport-awards/feed/index.html]
[www.mapleparking.co.uk/wp-json/wp/v2/tags/20.json]
[www.mapleparking.co.uk/tag/airport-awards/index.html]
[www.mapleparking.co.uk/wp-json/wp/v2/tags/21.json]
[www.mapleparking.co.uk/tag/skytrax/index.html]
[www.mapleparking.co.uk/tag/skytrax/feed/index.html]
[www.mapleparking.co.uk/tag/world-airport-awards/feed/index.html]
[www.mapleparking.co.uk/wp-json/wp/v2/tags/22.json]
[www.mapleparking.co.uk/tag/world-airport-awards/index.html]
[www.mapleparking.co.uk/wp-content/uploads/2018/03/feefo-gold-1.png]
[www.mapleparking.co.uk/wp-json/wp/v2/posts/1182.json]
[www.mapleparking.co.uk/latest-news/weve-granted-gold-trusted-service-award-feefo-review-site/feed/index.html]
[www.mapleparking.co.uk/wp-json/oembed/1.0/embedeb97.json]
[www.mapleparking.co.uk/wp-json/oembed/1.0/embedf3d5]
[www.mapleparking.co.uk/wp-content/uploads/2017/01/About-Desktop-300x105.png]
[www.mapleparking.co.uk/wp-content/uploads/2018/03/feefo-gold-1-300x178.png]
[www.mapleparking.co.uk/latest-news/weve-granted-gold-trusted-service-award-feefo-review-site/index.html]
[www.mapleparking.co.uk/wp-json/wp/v2/tags/17.json]
[www.mapleparking.co.uk/tag/feefo-gold-award/index.html]
[www.mapleparking.co.uk/tag/feefo-gold-award/feed/index.html]
[www.mapleparking.co.uk/tag/maple-manor-reviews/feed/index.html]
[www.mapleparking.co.uk/wp-json/wp/v2/tags/19.json]
[www.mapleparking.co.uk/tag/maple-manor-reviews/index.html]
[www.mapleparking.co.uk/wp-json/wp/v2/tags/18.json]
[www.mapleparking.co.uk/tag/real-feedback/index.html]
[www.mapleparking.co.uk/wp-content/uploads/2018/02/airport-travel.png]
[www.mapleparking.co.uk/tag/real-feedback/feed/index.html]
[www.mapleparking.co.uk/latest-news/love-is-in-the-airport/feed/index.html]
[www.mapleparking.co.uk/wp-json/wp/v2/posts/1131.json]
[www.mapleparking.co.uk/wp-json/oembed/1.0/embed4d12.json]
[www.mapleparking.co.uk/wp-json/oembed/1.0/embedf2af]
[www.mapleparking.co.uk/latest-news/love-is-in-the-airport/index.html]
[www.mapleparking.co.uk/tag/airports/feed/index.html]
[www.mapleparking.co.uk/wp-json/wp/v2/tags/15.json]
[www.mapleparking.co.uk/tag/airports/index.html]
[www.mapleparking.co.uk/tag/love-travel/feed/index.html]
[www.mapleparking.co.uk/wp-json/wp/v2/tags/14.json]
[www.mapleparking.co.uk/tag/love-travel/index.html]
[www.mapleparking.co.uk/wp-json/wp/v2/tags/16.json]
[www.mapleparking.co.uk/tag/travelling/index.html]
[www.mapleparking.co.uk/indexb140.html]
[www.mapleparking.co.uk/tag/travelling/feed/index.html]
[www.mapleparking.co.uk/latest-news/holiday-saving-tips/index5593.html]
[www.mapleparking.co.uk/index3153.html]
[www.mapleparking.co.uk/latest-news/taking-sports-equipment-on-holiday/index5593.html]
[www.mapleparking.co.uk/index0e6c.html]
[www.mapleparking.co.uk/latest-news/the-maple-manor-hotel/index5593.html]
[www.mapleparking.co.uk/wp-content/uploads/2017/03/airport-parking-blog1-200x180.jpg]
[www.mapleparking.co.uk/wp-content/uploads/2017/01/superking-room-maple1-200x180.jpg]
[www.mapleparking.co.uk/latest-news/page/16/index.html]
[www.mapleparking.co.uk/wp-content/uploads/2017/09/new-airport.png]
[www.mapleparking.co.uk/wp-json/wp/v2/posts/942.json]
[www.mapleparking.co.uk/latest-news/new-airports/feed/index.html]
[www.mapleparking.co.uk/wp-json/oembed/1.0/embed11a4.json]
[www.mapleparking.co.uk/wp-json/oembed/1.0/embedd9b4]
[www.mapleparking.co.uk/latest-news/new-airports/index.html]
[www.mapleparking.co.uk/wp-content/uploads/2019/01/Maple-Meet-and-Greet-Heathrow.png]
[www.mapleparking.co.uk/wp-json/wp/v2/posts/940.json]
[www.mapleparking.co.uk/latest-news/maple-manor-parking/feed/index.html]
[www.mapleparking.co.uk/wp-json/oembed/1.0/embed9640.json]
[www.mapleparking.co.uk/wp-json/oembed/1.0/embed63eb]
[www.mapleparking.co.uk/wp-content/uploads/2019/01/Maple-Parking-Meet-and-Greet-Parking.png]
[www.mapleparking.co.uk/wp-content/uploads/2017/03/securityBG.jpg]
[www.mapleparking.co.uk/latest-news/maple-manor-parking/index.html]
[www.mapleparking.co.uk/wp-json/wp/v2/tags/52.json]
[www.mapleparking.co.uk/tag/meet-and-greet-gatwick/index.html]
[www.mapleparking.co.uk/tag/meet-and-greet-gatwick/feed/index.html]
[www.mapleparking.co.uk/wp-json/wp/v2/tags/54.json]
[www.mapleparking.co.uk/tag/park-and-ride-parking/index.html]
[www.mapleparking.co.uk/wp-content/uploads/2017/03/keep-calm-blog.jpg]
[www.mapleparking.co.uk/tag/park-and-ride-parking/feed/index.html]
[www.mapleparking.co.uk/wp-json/wp/v2/posts/207.json]
[www.mapleparking.co.uk/latest-news/keep-calm-easter-break-coming/feed/index.html]
[www.mapleparking.co.uk/wp-json/oembed/1.0/embed4074.json]
[www.mapleparking.co.uk/wp-json/oembed/1.0/embedd2fe]
[www.mapleparking.co.uk/latest-news/keep-calm-easter-break-coming/index.html]
[www.mapleparking.co.uk/index6c69.html]
[www.mapleparking.co.uk/latest-news/best-airport-world/index5593.html]
[www.mapleparking.co.uk/index4007.html]
[www.mapleparking.co.uk/latest-news/weve-granted-gold-trusted-service-award-feefo-review-site/index5593.html]
[www.mapleparking.co.uk/index3d91.html]
[www.mapleparking.co.uk/latest-news/love-is-in-the-airport/index5593.html]
[www.mapleparking.co.uk/wp-content/uploads/2017/03/airport-parking-blog1.jpg]
[www.mapleparking.co.uk/wp-json/wp/v2/posts/204.json]
[www.mapleparking.co.uk/latest-news/maple-manor-well-take-stress-airport-parking/feed/index.html]
[www.mapleparking.co.uk/wp-json/oembed/1.0/embedc79e.json]
[www.mapleparking.co.uk/wp-json/oembed/1.0/embed85a7]
[www.mapleparking.co.uk/latest-news/maple-manor-well-take-stress-airport-parking/index.html]
[www.mapleparking.co.uk/wp-json/wp/v2/tags/12.json]
[www.mapleparking.co.uk/tag/newwebsite/index.html]
[www.mapleparking.co.uk/tag/newwebsite/feed/index.html]
[www.mapleparking.co.uk/wp-json/wp/v2/tags/13.json]
[www.mapleparking.co.uk/tag/notice/index.html]
[www.mapleparking.co.uk/wp-content/uploads/2017/01/superking-room-maple1.jpg]
[www.mapleparking.co.uk/tag/notice/feed/index.html]
[www.mapleparking.co.uk/latest-news/hello-world/feed/index.html]
[www.mapleparking.co.uk/wp-json/wp/v2/posts/1.json]
[www.mapleparking.co.uk/wp-json/oembed/1.0/embed88f0.json]
[www.mapleparking.co.uk/wp-json/oembed/1.0/embed6716]
[www.mapleparking.co.uk/latest-news/hello-world/index.html]
[www.mapleparking.co.uk/index92c3.html]
[www.mapleparking.co.uk/latest-news/new-airports/index5593.html]
[www.mapleparking.co.uk/indexb253.html]
[www.mapleparking.co.uk/latest-news/maple-manor-parking/index5593.html]
[www.mapleparking.co.uk/indexeb91.html]
[www.mapleparking.co.uk/latest-news/keep-calm-easter-break-coming/index5593.html]
[www.mapleparking.co.uk/indexcb89.html]
[www.mapleparking.co.uk/latest-news/maple-manor-well-take-stress-airport-parking/index5593.html]
[www.mapleparking.co.uk/indexcff1.html]
[www.mapleparking.co.uk/latest-news/hello-world/index5593.html]
